<html>
<body>
<pre>
<h1>µVision Build Log</h1>
<h2>Tool Versions:</h2>
IDE-Version: µVision V5.22.0.0
Copyright (C) 2016 ARM Ltd and ARM Germany GmbH. All rights reserved.
License Information: Leo Sky, none, LIC=JL28G-V4QBZ-CXAU6-DTBQE-3ATNM-KBD91
 
Tool Versions:
Toolchain:       MDK-ARM Plus  Version: 5.22
Toolchain Path:  C:\Keil_v5\ARM\ARMCC\Bin
C Compiler:      Armcc.exe V5.06 update 4 (build 422)
Assembler:       Armasm.exe V5.06 update 4 (build 422)
Linker/Locator:  ArmLink.exe V5.06 update 4 (build 422)
Library Manager: ArmAr.exe V5.06 update 4 (build 422)
Hex Converter:   FromElf.exe V5.06 update 4 (build 422)
CPU DLL:         SARMCM3.DLL V5.22
Dialog DLL:      DCM.DLL V1.13.9.0
Target DLL:      UL2CM3.DLL V1.159.0.0
Dialog DLL:      TCM.DLL V1.21.0.0
 
<h2>Project:</h2>
F:\ultra-micron\Dosimeter-Ultra-Micron-Firmware-release3\bootloader\Projects\Device_Firmware_Upgrade\MDK-ARM\DFU.uvproj
Project File Date:  07/05/2023

<h2>Output:</h2>
*** Using Compiler 'V5.06 update 4 (build 422)', folder: 'C:\Keil_v5\ARM\ARMCC\Bin'
Build target 'STM32L152-EVAL'
Clean started - Project: 'DFU'
   deleting intermediate output files for target 'STM32L152-EVAL'
compiling misc.c...
compiling dfu_mal.c...
compiling flash_if.c...
compiling hw_config.c...
compiling main.c...
compiling usb_desc.c...
compiling usb_istr.c...
compiling usb_prop.c...
compiling usb_pwr.c...
compiling stm32_it.c...
compiling delay.c...
compiling smallssd1306.c...
compiling my_spi.c...
compiling system_stm32l1xx.c...
assembling startup_stm32l1xx_md.s...
compiling usb_core.c...
compiling usb_init.c...
compiling usb_int.c...
compiling usb_mem.c...
compiling usb_regs.c...
compiling usb_sil.c...
compiling stm32l1xx_usart.c...
compiling stm32l1xx_exti.c...
compiling stm32l1xx_flash.c...
compiling stm32l1xx_flash_ramfunc.c...
compiling stm32l1xx_gpio.c...
compiling stm32l1xx_i2c.c...
compiling stm32l1xx_pwr.c...
compiling stm32l1xx_rcc.c...
compiling stm32l1xx_syscfg.c...
compiling stm32l1xx_spi.c...
compiling stm32l1xx_dma.c...
compiling stm32l1xx_sdio.c...
compiling stm32l1xx_rtc.c...
compiling stm32l152_eval.c...
linking...
Program Size: Code=8682 RO-data=314 RW-data=1352 ZI-data=2892  
".\STM32L152-EVAL\STM32L152-EVAL.axf" - 0 Error(s), 0 Warning(s).

*** Performing Cross-Module-Optimization:
compiling misc.c...
compiling dfu_mal.c...
compiling flash_if.c...
compiling hw_config.c...
compiling main.c...
compiling usb_desc.c...
compiling usb_istr.c...
compiling usb_prop.c...
compiling usb_pwr.c...
compiling stm32_it.c...
compiling delay.c...
compiling smallssd1306.c...
compiling my_spi.c...
compiling system_stm32l1xx.c...
compiling usb_core.c...
compiling usb_init.c...
compiling usb_int.c...
compiling usb_mem.c...
compiling usb_regs.c...
compiling usb_sil.c...
compiling stm32l1xx_usart.c...
compiling stm32l1xx_exti.c...
compiling stm32l1xx_flash.c...
compiling stm32l1xx_flash_ramfunc.c...
compiling stm32l1xx_gpio.c...
compiling stm32l1xx_i2c.c...
compiling stm32l1xx_pwr.c...
compiling stm32l1xx_rcc.c...
compiling stm32l1xx_syscfg.c...
compiling stm32l1xx_spi.c...
compiling stm32l1xx_dma.c...
compiling stm32l1xx_sdio.c...
compiling stm32l1xx_rtc.c...
compiling stm32l152_eval.c...
linking...
Program Size: Code=8682 RO-data=314 RW-data=1352 ZI-data=2892  
FromELF: creating hex file...
After Build - User command #1: fromelf --bin -o "F:\ultra-micron\Dosimeter-Ultra-Micron-Firmware-release3\bootloader\Projects\Device_Firmware_Upgrade\MDK-ARM\STM32L152-EVAL\STM32L152-EVAL.bin" "F:\ultra-micron\Dosimeter-Ultra-Micron-Firmware-release3\bootloader\Projects\Device_Firmware_Upgrade\MDK-ARM\STM32L152-EVAL\STM32L152-EVAL.axf"
".\STM32L152-EVAL\STM32L152-EVAL.axf" - 0 Error(s), 0 Warning(s).
*** Completed Cross-Module-Optimization after 2 iteration(s).
Build Time Elapsed:  00:00:36
</pre>
</body>
</html>
