<html>
<body>
<pre>
<h1>µVision Build Log</h1>
<h2>Tool Versions:</h2>
IDE-Version: µVision V5.22.0.0
Copyright (C) 2016 ARM Ltd and ARM Germany GmbH. All rights reserved.
License Information: Leo Sky, none, LIC=JL28G-V4QBZ-CXAU6-DTBQE-3ATNM-KBD91
 
Tool Versions:
Toolchain:       MDK-ARM Plus  Version: 5.22
Toolchain Path:  C:\Keil_v5\ARM\ARMCC\Bin
C Compiler:      Armcc.exe V5.06 update 4 (build 422)
Assembler:       Armasm.exe V5.06 update 4 (build 422)
Linker/Locator:  ArmLink.exe V5.06 update 4 (build 422)
Library Manager: ArmAr.exe V5.06 update 4 (build 422)
Hex Converter:   FromElf.exe V5.06 update 4 (build 422)
CPU DLL:         SARMCM3.DLL V5.22
Dialog DLL:      DCM.DLL V1.13.9.0
Target DLL:      STLink\ST-LINKIII-KEIL_SWO.dll V2.0.18.0
Dialog DLL:      TCM.DLL V1.21.0.0
 
<h2>Project:</h2>
F:\ultra-micron\Dosimeter-Ultra-Micron-Firmware-release3\bootloader\Projects\Device_Firmware_Upgrade\MDK-ARM\DFU.uvproj
Project File Date:  07/09/2023

<h2>Output:</h2>
*** Using Compiler 'V5.06 update 4 (build 422)', folder: 'C:\Keil_v5\ARM\ARMCC\Bin'
Build target 'STM32L152-EVAL'
compiling main.c...
compiling smallssd1306.c...
linking...
Program Size: Code=8802 RO-data=314 RW-data=1380 ZI-data=2664  
FromELF: creating hex file...
After Build - User command #1: fromelf --bin -o "F:\ultra-micron\Dosimeter-Ultra-Micron-Firmware-release3\bootloader\Projects\Device_Firmware_Upgrade\MDK-ARM\STM32L152-EVAL\STM32L152-EVAL.bin" "F:\ultra-micron\Dosimeter-Ultra-Micron-Firmware-release3\bootloader\Projects\Device_Firmware_Upgrade\MDK-ARM\STM32L152-EVAL\STM32L152-EVAL.axf"
".\STM32L152-EVAL\STM32L152-EVAL.axf" - 0 Error(s), 0 Warning(s).
Build Time Elapsed:  00:00:01
</pre>
</body>
</html>
