Component: ARM Compiler 5.06 update 4 (build 422) Tool: armlink [4d35d2]

==============================================================================

Section Cross References

    dfu_mal.o(i.MAL_Erase) refers to flash_if.o(i.FLASH_If_Erase) for FLASH_If_Erase
    dfu_mal.o(i.MAL_Erase) refers to dfu_mal.o(.data) for .data
    dfu_mal.o(i.MAL_GetStatus) refers to dfu_mal.o(.constdata) for .constdata
    dfu_mal.o(i.MAL_Init) refers to flash_if.o(i.FLASH_If_Init) for FLASH_If_Init
    dfu_mal.o(i.MAL_Read) refers to flash_if.o(i.FLASH_If_Read) for FLASH_If_Read
    dfu_mal.o(i.MAL_Read) refers to dfu_mal.o(.data) for .data
    dfu_mal.o(i.MAL_Write) refers to flash_if.o(i.FLASH_If_Write) for FLASH_If_Write
    dfu_mal.o(i.MAL_Write) refers to dfu_mal.o(.data) for .data
    flash_if.o(i.FLASH_If_Erase) refers to stm32l1xx_flash.o(i.FLASH_ClearFlag) for FLASH_ClearFlag
    flash_if.o(i.FLASH_If_Erase) refers to stm32l1xx_flash.o(i.FLASH_ErasePage) for FLASH_ErasePage
    flash_if.o(i.FLASH_If_Write) refers to stm32l1xx_flash_ramfunc.o(i.FLASH_ProgramHalfPage) for FLASH_ProgramHalfPage
    flash_if.o(i.FLASH_If_Write) refers to dfu_mal.o(.bss) for MAL_Buffer
    hw_config.o(i.DFU_Button_Config) refers to stm32l1xx_rcc.o(i.RCC_AHBPeriphClockCmd) for RCC_AHBPeriphClockCmd
    hw_config.o(i.DFU_Button_Config) refers to stm32l1xx_gpio.o(i.GPIO_Init) for GPIO_Init
    hw_config.o(i.DFU_Button_Read) refers to stm32l1xx_gpio.o(i.GPIO_ReadInputDataBit) for GPIO_ReadInputDataBit
    hw_config.o(i.Enter_LowPowerMode) refers to usb_pwr.o(.data) for bDeviceState
    hw_config.o(i.Get_SerialNum) refers to hw_config.o(i.IntToUnicode) for IntToUnicode
    hw_config.o(i.Get_SerialNum) refers to usb_desc.o(.data) for DFU_StringSerial
    hw_config.o(i.Leave_LowPowerMode) refers to system_stm32l1xx_1.o(i.SystemInit) for SystemInit
    hw_config.o(i.Leave_LowPowerMode) refers to usb_init.o(.bss) for Device_Info
    hw_config.o(i.Leave_LowPowerMode) refers to usb_pwr.o(.data) for bDeviceState
    hw_config.o(i.Reset_Device) refers to hw_config.o(i.USB_Cable_Config) for USB_Cable_Config
    hw_config.o(i.Set_System) refers to stm32l1xx_rcc.o(i.RCC_APB2PeriphClockCmd) for RCC_APB2PeriphClockCmd
    hw_config.o(i.Set_System) refers to stm32l1xx_flash.o(i.FLASH_Unlock) for FLASH_Unlock
    hw_config.o(i.Set_System) refers to dfu_mal.o(i.MAL_Init) for MAL_Init
    hw_config.o(i.Set_System) refers to hw_config.o(i.USB_Cable_Config) for USB_Cable_Config
    hw_config.o(i.Set_System) refers to stm32l1xx_exti.o(i.EXTI_ClearITPendingBit) for EXTI_ClearITPendingBit
    hw_config.o(i.Set_System) refers to stm32l1xx_exti.o(i.EXTI_Init) for EXTI_Init
    hw_config.o(i.Set_System) refers to hw_config.o(.data) for .data
    hw_config.o(i.Set_USBClock) refers to stm32l1xx_rcc.o(i.RCC_APB1PeriphClockCmd) for RCC_APB1PeriphClockCmd
    hw_config.o(i.USB_Cable_Config) refers to stm32l1xx_syscfg.o(i.SYSCFG_USBPuCmd) for SYSCFG_USBPuCmd
    hw_config.o(i.USB_Interrupts_Config) refers to misc.o(i.NVIC_PriorityGroupConfig) for NVIC_PriorityGroupConfig
    hw_config.o(i.USB_Interrupts_Config) refers to misc.o(i.NVIC_Init) for NVIC_Init
    main.o(i.main) refers to stm32l1xx_rcc.o(i.RCC_AHBPeriphClockCmd) for RCC_AHBPeriphClockCmd
    main.o(i.main) refers to delay.o(i.delay_ms) for delay_ms
    main.o(i.main) refers to stm32l1xx_gpio.o(i.GPIO_StructInit) for GPIO_StructInit
    main.o(i.main) refers to stm32l1xx_gpio.o(i.GPIO_Init) for GPIO_Init
    main.o(i.main) refers to stm32l1xx_gpio.o(i.GPIO_SetBits) for GPIO_SetBits
    main.o(i.main) refers to hw_config.o(i.DFU_Button_Config) for DFU_Button_Config
    main.o(i.main) refers to stm32l1xx_rtc.o(i.RTC_ReadBackupRegister) for RTC_ReadBackupRegister
    main.o(i.main) refers to hw_config.o(i.DFU_Button_Read) for DFU_Button_Read
    main.o(i.main) refers to stm32l1xx_rtc.o(i.RTC_WriteBackupRegister) for RTC_WriteBackupRegister
    main.o(i.main) refers to smallssd1306.o(i.display_on) for display_on
    main.o(i.main) refers to smallssd1306.o(i.LcdString) for LcdString
    main.o(i.main) refers to smallssd1306.o(i.LcdUpdate) for LcdUpdate
    main.o(i.main) refers to hw_config.o(i.Set_System) for Set_System
    main.o(i.main) refers to hw_config.o(i.Set_USBClock) for Set_USBClock
    main.o(i.main) refers to usb_init.o(i.USB_Init) for USB_Init
    main.o(i.main) refers to main.o(.data) for .data
    main.o(i.main) refers to smallssd1306.o(.bss) for lcd_buf
    usb_istr.o(i.USB_Istr) refers to usb_int.o(i.CTR_LP) for CTR_LP
    usb_istr.o(i.USB_Istr) refers to usb_pwr.o(i.Resume) for Resume
    usb_istr.o(i.USB_Istr) refers to usb_pwr.o(i.Suspend) for Suspend
    usb_istr.o(i.USB_Istr) refers to usb_istr.o(.data) for .data
    usb_istr.o(i.USB_Istr) refers to usb_init.o(.data) for wInterrupt_Mask
    usb_istr.o(i.USB_Istr) refers to usb_prop.o(.data) for Device_Property
    usb_istr.o(i.USB_Istr) refers to usb_pwr.o(.data) for fSuspendEnabled
[...]
    Removing stm32l1xx_gpio.o(i.GPIO_ToggleBits), (8 bytes).
    Removing stm32l1xx_gpio.o(i.GPIO_Write), (4 bytes).
    Removing stm32l1xx_gpio.o(i.GPIO_WriteBit), (10 bytes).
    Removing stm32l1xx_i2c.o(.rev16_text), (4 bytes).
    Removing stm32l1xx_i2c.o(.revsh_text), (4 bytes).
    Removing stm32l1xx_i2c.o(i.I2C_ARPCmd), (20 bytes).
    Removing stm32l1xx_i2c.o(i.I2C_AcknowledgeConfig), (20 bytes).
    Removing stm32l1xx_i2c.o(i.I2C_CalculatePEC), (20 bytes).
    Removing stm32l1xx_i2c.o(i.I2C_CheckEvent), (24 bytes).
    Removing stm32l1xx_i2c.o(i.I2C_ClearFlag), (6 bytes).
    Removing stm32l1xx_i2c.o(i.I2C_ClearITPendingBit), (6 bytes).
    Removing stm32l1xx_i2c.o(i.I2C_Cmd), (20 bytes).
    Removing stm32l1xx_i2c.o(i.I2C_DMACmd), (20 bytes).
    Removing stm32l1xx_i2c.o(i.I2C_DMALastTransferCmd), (20 bytes).
    Removing stm32l1xx_i2c.o(i.I2C_DeInit), (44 bytes).
    Removing stm32l1xx_i2c.o(i.I2C_DualAddressCmd), (20 bytes).
    Removing stm32l1xx_i2c.o(i.I2C_FastModeDutyCycleConfig), (22 bytes).
    Removing stm32l1xx_i2c.o(i.I2C_GeneralCallCmd), (20 bytes).
    Removing stm32l1xx_i2c.o(i.I2C_GenerateSTART), (20 bytes).
    Removing stm32l1xx_i2c.o(i.I2C_GenerateSTOP), (20 bytes).
    Removing stm32l1xx_i2c.o(i.I2C_GetFlagStatus), (42 bytes).
    Removing stm32l1xx_i2c.o(i.I2C_GetITStatus), (36 bytes).
    Removing stm32l1xx_i2c.o(i.I2C_GetLastEvent), (14 bytes).
    Removing stm32l1xx_i2c.o(i.I2C_GetPEC), (6 bytes).
    Removing stm32l1xx_i2c.o(i.I2C_ITConfig), (16 bytes).
    Removing stm32l1xx_i2c.o(i.I2C_Init), (184 bytes).
    Removing stm32l1xx_i2c.o(i.I2C_NACKPositionConfig), (22 bytes).
    Removing stm32l1xx_i2c.o(i.I2C_OwnAddress2Config), (16 bytes).
    Removing stm32l1xx_i2c.o(i.I2C_PECPositionConfig), (22 bytes).
    Removing stm32l1xx_i2c.o(i.I2C_ReadRegister), (10 bytes).
    Removing stm32l1xx_i2c.o(i.I2C_ReceiveData), (6 bytes).
    Removing stm32l1xx_i2c.o(i.I2C_SMBusAlertConfig), (22 bytes).
    Removing stm32l1xx_i2c.o(i.I2C_Send7bitAddress), (16 bytes).
    Removing stm32l1xx_i2c.o(i.I2C_SendData), (4 bytes).
    Removing stm32l1xx_i2c.o(i.I2C_SoftwareResetCmd), (20 bytes).
    Removing stm32l1xx_i2c.o(i.I2C_StretchClockCmd), (20 bytes).
    Removing stm32l1xx_i2c.o(i.I2C_StructInit), (28 bytes).
    Removing stm32l1xx_i2c.o(i.I2C_TransmitPEC), (20 bytes).
    Removing stm32l1xx_pwr.o(.rev16_text), (4 bytes).
    Removing stm32l1xx_pwr.o(.revsh_text), (4 bytes).
    Removing stm32l1xx_pwr.o(i.PWR_ClearFlag), (16 bytes).
    Removing stm32l1xx_pwr.o(i.PWR_DeInit), (24 bytes).
    Removing stm32l1xx_pwr.o(i.PWR_EnterLowPowerRunMode), (44 bytes).
    Removing stm32l1xx_pwr.o(i.PWR_EnterSTANDBYMode), (40 bytes).
    Removing stm32l1xx_pwr.o(i.PWR_EnterSTOPMode), (52 bytes).
    Removing stm32l1xx_pwr.o(i.PWR_EnterSleepMode), (44 bytes).
    Removing stm32l1xx_pwr.o(i.PWR_FastWakeUpCmd), (12 bytes).
    Removing stm32l1xx_pwr.o(i.PWR_GetFlagStatus), (20 bytes).
    Removing stm32l1xx_pwr.o(i.PWR_PVDCmd), (12 bytes).
    Removing stm32l1xx_pwr.o(i.PWR_PVDLevelConfig), (20 bytes).
    Removing stm32l1xx_pwr.o(i.PWR_RTCAccessCmd), (12 bytes).
    Removing stm32l1xx_pwr.o(i.PWR_UltraLowPowerCmd), (12 bytes).
    Removing stm32l1xx_pwr.o(i.PWR_VoltageScalingConfig), (24 bytes).
    Removing stm32l1xx_pwr.o(i.PWR_WakeUpPinCmd), (16 bytes).
    Removing stm32l1xx_rcc.o(.rev16_text), (4 bytes).
    Removing stm32l1xx_rcc.o(.revsh_text), (4 bytes).
    Removing stm32l1xx_rcc.o(i.RCC_AHBPeriphClockLPModeCmd), (24 bytes).
    Removing stm32l1xx_rcc.o(i.RCC_AHBPeriphResetCmd), (24 bytes).
    Removing stm32l1xx_rcc.o(i.RCC_APB1PeriphClockLPModeCmd), (24 bytes).
    Removing stm32l1xx_rcc.o(i.RCC_APB1PeriphResetCmd), (24 bytes).
    Removing stm32l1xx_rcc.o(i.RCC_APB2PeriphClockLPModeCmd), (24 bytes).
    Removing stm32l1xx_rcc.o(i.RCC_APB2PeriphResetCmd), (24 bytes).
    Removing stm32l1xx_rcc.o(i.RCC_AdjustHSICalibrationValue), (20 bytes).
    Removing stm32l1xx_rcc.o(i.RCC_AdjustMSICalibrationValue), (12 bytes).
    Removing stm32l1xx_rcc.o(i.RCC_ClearFlag), (16 bytes).
    Removing stm32l1xx_rcc.o(i.RCC_ClearITPendingBit), (12 bytes).
    Removing stm32l1xx_rcc.o(i.RCC_ClockSecuritySystemCmd), (12 bytes).
    Removing stm32l1xx_rcc.o(i.RCC_DeInit), (68 bytes).
    Removing stm32l1xx_rcc.o(i.RCC_GetClocksFreq), (168 bytes).
    Removing stm32l1xx_rcc.o(i.RCC_GetFlagStatus), (40 bytes).
    Removing stm32l1xx_rcc.o(i.RCC_GetITStatus), (20 bytes).
    Removing stm32l1xx_rcc.o(i.RCC_GetSYSCLKSource), (16 bytes).
    Removing stm32l1xx_rcc.o(i.RCC_HCLKConfig), (20 bytes).
    Removing stm32l1xx_rcc.o(i.RCC_HSEConfig), (16 bytes).
    Removing stm32l1xx_rcc.o(i.RCC_HSICmd), (12 bytes).
    Removing stm32l1xx_rcc.o(i.RCC_ITConfig), (24 bytes).
    Removing stm32l1xx_rcc.o(i.RCC_LSEClockSecuritySystemCmd), (12 bytes).
    Removing stm32l1xx_rcc.o(i.RCC_LSEConfig), (16 bytes).
    Removing stm32l1xx_rcc.o(i.RCC_LSICmd), (12 bytes).
    Removing stm32l1xx_rcc.o(i.RCC_MCOConfig), (12 bytes).
    Removing stm32l1xx_rcc.o(i.RCC_MSICmd), (12 bytes).
    Removing stm32l1xx_rcc.o(i.RCC_MSIRangeConfig), (20 bytes).
    Removing stm32l1xx_rcc.o(i.RCC_PCLK1Config), (20 bytes).
    Removing stm32l1xx_rcc.o(i.RCC_PCLK2Config), (20 bytes).
    Removing stm32l1xx_rcc.o(i.RCC_PLLCmd), (12 bytes).
    Removing stm32l1xx_rcc.o(i.RCC_PLLConfig), (16 bytes).
    Removing stm32l1xx_rcc.o(i.RCC_RTCCLKCmd), (12 bytes).
    Removing stm32l1xx_rcc.o(i.RCC_RTCCLKConfig), (52 bytes).
    Removing stm32l1xx_rcc.o(i.RCC_RTCResetCmd), (12 bytes).
    Removing stm32l1xx_rcc.o(i.RCC_SYSCLKConfig), (20 bytes).
    Removing stm32l1xx_rcc.o(i.RCC_WaitForHSEStartUp), (44 bytes).
    Removing stm32l1xx_rcc.o(.data), (25 bytes).
    Removing stm32l1xx_syscfg.o(.rev16_text), (4 bytes).
    Removing stm32l1xx_syscfg.o(.revsh_text), (4 bytes).
    Removing stm32l1xx_syscfg.o(i.SYSCFG_DeInit), (22 bytes).
    Removing stm32l1xx_syscfg.o(i.SYSCFG_EXTILineConfig), (40 bytes).
    Removing stm32l1xx_syscfg.o(i.SYSCFG_GetBootMode), (16 bytes).
    Removing stm32l1xx_syscfg.o(i.SYSCFG_MemoryRemapConfig), (12 bytes).
    Removing stm32l1xx_syscfg.o(i.SYSCFG_RIChannelSpeedConfig), (24 bytes).
    Removing stm32l1xx_syscfg.o(i.SYSCFG_RIDeInit), (36 bytes).
    Removing stm32l1xx_syscfg.o(i.SYSCFG_RIHysteresisConfig), (88 bytes).
    Removing stm32l1xx_syscfg.o(i.SYSCFG_RIIOSwitchConfig), (52 bytes).
    Removing stm32l1xx_syscfg.o(i.SYSCFG_RIResistorConfig), (24 bytes).
    Removing stm32l1xx_syscfg.o(i.SYSCFG_RISwitchControlModeCmd), (28 bytes).
    Removing stm32l1xx_syscfg.o(i.SYSCFG_RITIMInputCaptureConfig), (64 bytes).
    Removing stm32l1xx_syscfg.o(i.SYSCFG_RITIMSelect), (20 bytes).
    Removing stm32l1xx_spi.o(.rev16_text), (4 bytes).
    Removing stm32l1xx_spi.o(.revsh_text), (4 bytes).
    Removing stm32l1xx_spi.o(i.I2S_Cmd), (20 bytes).
    Removing stm32l1xx_spi.o(i.I2S_Init), (152 bytes).
    Removing stm32l1xx_spi.o(i.I2S_StructInit), (18 bytes).
    Removing stm32l1xx_spi.o(i.SPI_BiDirectionalLineConfig), (22 bytes).
    Removing stm32l1xx_spi.o(i.SPI_CalculateCRC), (20 bytes).
    Removing stm32l1xx_spi.o(i.SPI_DataSizeConfig), (16 bytes).
    Removing stm32l1xx_spi.o(i.SPI_GetCRC), (12 bytes).
    Removing stm32l1xx_spi.o(i.SPI_GetCRCPolynomial), (4 bytes).
    Removing stm32l1xx_spi.o(i.SPI_I2S_ClearFlag), (6 bytes).
    Removing stm32l1xx_spi.o(i.SPI_I2S_ClearITPendingBit), (14 bytes).
    Removing stm32l1xx_spi.o(i.SPI_I2S_DMACmd), (16 bytes).
    Removing stm32l1xx_spi.o(i.SPI_I2S_DeInit), (84 bytes).
    Removing stm32l1xx_spi.o(i.SPI_I2S_GetITStatus), (42 bytes).
    Removing stm32l1xx_spi.o(i.SPI_I2S_ITConfig), (24 bytes).
    Removing stm32l1xx_spi.o(i.SPI_I2S_ReceiveData), (4 bytes).
    Removing stm32l1xx_spi.o(i.SPI_NSSInternalSoftwareConfig), (24 bytes).
    Removing stm32l1xx_spi.o(i.SPI_SSOutputCmd), (20 bytes).
    Removing stm32l1xx_spi.o(i.SPI_StructInit), (24 bytes).
    Removing stm32l1xx_spi.o(i.SPI_TransmitCRC), (10 bytes).
    Removing stm32l1xx_dma.o(.rev16_text), (4 bytes).
    Removing stm32l1xx_dma.o(.revsh_text), (4 bytes).
    Removing stm32l1xx_dma.o(i.DMA_ClearFlag), (24 bytes).
    Removing stm32l1xx_dma.o(i.DMA_ClearITPendingBit), (24 bytes).
    Removing stm32l1xx_dma.o(i.DMA_Cmd), (22 bytes).
    Removing stm32l1xx_dma.o(i.DMA_DeInit), (228 bytes).
    Removing stm32l1xx_dma.o(i.DMA_GetCurrDataCounter), (6 bytes).
    Removing stm32l1xx_dma.o(i.DMA_GetFlagStatus), (32 bytes).
    Removing stm32l1xx_dma.o(i.DMA_GetITStatus), (32 bytes).
    Removing stm32l1xx_dma.o(i.DMA_ITConfig), (16 bytes).
    Removing stm32l1xx_dma.o(i.DMA_Init), (58 bytes).
    Removing stm32l1xx_dma.o(i.DMA_SetCurrDataCounter), (4 bytes).
    Removing stm32l1xx_dma.o(i.DMA_StructInit), (26 bytes).
    Removing stm32l1xx_sdio.o(.rev16_text), (4 bytes).
    Removing stm32l1xx_sdio.o(.revsh_text), (4 bytes).
    Removing stm32l1xx_sdio.o(i.SDIO_CEATAITCmd), (16 bytes).
    Removing stm32l1xx_sdio.o(i.SDIO_ClearFlag), (12 bytes).
    Removing stm32l1xx_sdio.o(i.SDIO_ClearITPendingBit), (12 bytes).
    Removing stm32l1xx_sdio.o(i.SDIO_ClockCmd), (12 bytes).
    Removing stm32l1xx_sdio.o(i.SDIO_CmdStructInit), (14 bytes).
    Removing stm32l1xx_sdio.o(i.SDIO_CommandCompletionCmd), (12 bytes).
    Removing stm32l1xx_sdio.o(i.SDIO_DMACmd), (12 bytes).
    Removing stm32l1xx_sdio.o(i.SDIO_DataConfig), (48 bytes).
    Removing stm32l1xx_sdio.o(i.SDIO_DataStructInit), (20 bytes).
    Removing stm32l1xx_sdio.o(i.SDIO_DeInit), (24 bytes).
    Removing stm32l1xx_sdio.o(i.SDIO_GetCommandResponse), (12 bytes).
    Removing stm32l1xx_sdio.o(i.SDIO_GetDataCounter), (12 bytes).
    Removing stm32l1xx_sdio.o(i.SDIO_GetFIFOCount), (12 bytes).
    Removing stm32l1xx_sdio.o(i.SDIO_GetFlagStatus), (20 bytes).
    Removing stm32l1xx_sdio.o(i.SDIO_GetITStatus), (20 bytes).
    Removing stm32l1xx_sdio.o(i.SDIO_GetPowerState), (16 bytes).
    Removing stm32l1xx_sdio.o(i.SDIO_GetResponse), (16 bytes).
    Removing stm32l1xx_sdio.o(i.SDIO_ITConfig), (24 bytes).
    Removing stm32l1xx_sdio.o(i.SDIO_Init), (44 bytes).
    Removing stm32l1xx_sdio.o(i.SDIO_ReadData), (12 bytes).
    Removing stm32l1xx_sdio.o(i.SDIO_SendCEATACmd), (12 bytes).
    Removing stm32l1xx_sdio.o(i.SDIO_SendCommand), (40 bytes).
    Removing stm32l1xx_sdio.o(i.SDIO_SendSDIOSuspendCmd), (12 bytes).
    Removing stm32l1xx_sdio.o(i.SDIO_SetPowerState), (12 bytes).
    Removing stm32l1xx_sdio.o(i.SDIO_SetSDIOOperation), (12 bytes).
    Removing stm32l1xx_sdio.o(i.SDIO_SetSDIOReadWaitMode), (12 bytes).
    Removing stm32l1xx_sdio.o(i.SDIO_StartSDIOReadWait), (12 bytes).
    Removing stm32l1xx_sdio.o(i.SDIO_StopSDIOReadWait), (12 bytes).
    Removing stm32l1xx_sdio.o(i.SDIO_StructInit), (16 bytes).
    Removing stm32l1xx_sdio.o(i.SDIO_WriteData), (12 bytes).
    Removing stm32l1xx_rtc.o(.rev16_text), (4 bytes).
    Removing stm32l1xx_rtc.o(.revsh_text), (4 bytes).
    Removing stm32l1xx_rtc.o(i.RTC_AlarmCmd), (84 bytes).
    Removing stm32l1xx_rtc.o(i.RTC_AlarmStructInit), (20 bytes).
    Removing stm32l1xx_rtc.o(i.RTC_AlarmSubSecondConfig), (44 bytes).
    Removing stm32l1xx_rtc.o(i.RTC_Bcd2ToByte), (18 bytes).
    Removing stm32l1xx_rtc.o(i.RTC_BypassShadowCmd), (44 bytes).
    Removing stm32l1xx_rtc.o(i.RTC_ByteToBcd2), (24 bytes).
    Removing stm32l1xx_rtc.o(i.RTC_CalibOutputCmd), (44 bytes).
    Removing stm32l1xx_rtc.o(i.RTC_CalibOutputConfig), (40 bytes).
    Removing stm32l1xx_rtc.o(i.RTC_ClearFlag), (28 bytes).
    Removing stm32l1xx_rtc.o(i.RTC_ClearITPendingBit), (28 bytes).
    Removing stm32l1xx_rtc.o(i.RTC_CoarseCalibCmd), (60 bytes).
    Removing stm32l1xx_rtc.o(i.RTC_CoarseCalibConfig), (52 bytes).
    Removing stm32l1xx_rtc.o(i.RTC_DateStructInit), (14 bytes).
    Removing stm32l1xx_rtc.o(i.RTC_DayLightSavingConfig), (44 bytes).
    Removing stm32l1xx_rtc.o(i.RTC_DeInit), (176 bytes).
    Removing stm32l1xx_rtc.o(i.RTC_EnterInitMode), (60 bytes).
    Removing stm32l1xx_rtc.o(i.RTC_ExitInitMode), (16 bytes).
    Removing stm32l1xx_rtc.o(i.RTC_GetAlarm), (108 bytes).
    Removing stm32l1xx_rtc.o(i.RTC_GetAlarmSubSecond), (28 bytes).
    Removing stm32l1xx_rtc.o(i.RTC_GetDate), (72 bytes).
    Removing stm32l1xx_rtc.o(i.RTC_GetFlagStatus), (28 bytes).
    Removing stm32l1xx_rtc.o(i.RTC_GetITStatus), (64 bytes).
    Removing stm32l1xx_rtc.o(i.RTC_GetStoreOperation), (16 bytes).
    Removing stm32l1xx_rtc.o(i.RTC_GetSubSecond), (16 bytes).
    Removing stm32l1xx_rtc.o(i.RTC_GetTime), (76 bytes).
    Removing stm32l1xx_rtc.o(i.RTC_GetTimeStamp), (136 bytes).
    Removing stm32l1xx_rtc.o(i.RTC_GetTimeStampSubSecond), (12 bytes).
    Removing stm32l1xx_rtc.o(i.RTC_GetWakeUpCounter), (12 bytes).
    Removing stm32l1xx_rtc.o(i.RTC_ITConfig), (64 bytes).
    Removing stm32l1xx_rtc.o(i.RTC_Init), (80 bytes).
    Removing stm32l1xx_rtc.o(i.RTC_OutputConfig), (44 bytes).
    Removing stm32l1xx_rtc.o(i.RTC_OutputTypeConfig), (24 bytes).
    Removing stm32l1xx_rtc.o(i.RTC_RefClockCmd), (60 bytes).
    Removing stm32l1xx_rtc.o(i.RTC_SetAlarm), (164 bytes).
    Removing stm32l1xx_rtc.o(i.RTC_SetDate), (156 bytes).
    Removing stm32l1xx_rtc.o(i.RTC_SetTime), (160 bytes).
    Removing stm32l1xx_rtc.o(i.RTC_SetWakeUpCounter), (28 bytes).
    Removing stm32l1xx_rtc.o(i.RTC_SmoothCalibConfig), (72 bytes).
    Removing stm32l1xx_rtc.o(i.RTC_StructInit), (14 bytes).
    Removing stm32l1xx_rtc.o(i.RTC_SynchroShiftConfig), (88 bytes).
    Removing stm32l1xx_rtc.o(i.RTC_TamperCmd), (24 bytes).
    Removing stm32l1xx_rtc.o(i.RTC_TamperFilterConfig), (24 bytes).
    Removing stm32l1xx_rtc.o(i.RTC_TamperPinsPrechargeDuration), (24 bytes).
    Removing stm32l1xx_rtc.o(i.RTC_TamperPullUpCmd), (28 bytes).
    Removing stm32l1xx_rtc.o(i.RTC_TamperSamplingFreqConfig), (24 bytes).
    Removing stm32l1xx_rtc.o(i.RTC_TamperTriggerConfig), (28 bytes).
    Removing stm32l1xx_rtc.o(i.RTC_TimeStampCmd), (48 bytes).
    Removing stm32l1xx_rtc.o(i.RTC_TimeStampOnTamperDetectionCmd), (28 bytes).
    Removing stm32l1xx_rtc.o(i.RTC_TimeStructInit), (12 bytes).
    Removing stm32l1xx_rtc.o(i.RTC_WaitForSynchro), (72 bytes).
    Removing stm32l1xx_rtc.o(i.RTC_WakeUpClockConfig), (40 bytes).
    Removing stm32l1xx_rtc.o(i.RTC_WakeUpCmd), (88 bytes).
    Removing stm32l1xx_rtc.o(i.RTC_WriteProtectionCmd), (24 bytes).
    Removing stm32l152_eval.o(.rev16_text), (4 bytes).
    Removing stm32l152_eval.o(.revsh_text), (4 bytes).
    Removing stm32l152_eval.o(i.LM75_LowLevel_DeInit), (88 bytes).
    Removing stm32l152_eval.o(i.LM75_LowLevel_Init), (116 bytes).
    Removing stm32l152_eval.o(i.SD_LowLevel_DeInit), (116 bytes).
    Removing stm32l152_eval.o(i.SD_LowLevel_Init), (256 bytes).
    Removing stm32l152_eval.o(i.STM_EVAL_COMInit), (184 bytes).
    Removing stm32l152_eval.o(i.STM_EVAL_LEDInit), (80 bytes).
    Removing stm32l152_eval.o(i.STM_EVAL_LEDOff), (24 bytes).
    Removing stm32l152_eval.o(i.STM_EVAL_LEDOn), (24 bytes).
    Removing stm32l152_eval.o(i.STM_EVAL_LEDToggle), (28 bytes).
    Removing stm32l152_eval.o(i.STM_EVAL_PBGetState), (24 bytes).
    Removing stm32l152_eval.o(i.STM_EVAL_PBInit), (160 bytes).
    Removing stm32l152_eval.o(i.sEE_LowLevel_DMAConfig), (44 bytes).
    Removing stm32l152_eval.o(i.sEE_LowLevel_DeInit), (156 bytes).
    Removing stm32l152_eval.o(i.sEE_LowLevel_Init), (268 bytes).
    Removing stm32l152_eval.o(.bss), (44 bytes).
    Removing stm32l152_eval.o(.constdata), (132 bytes).
    Removing stm32l152_eval.o(.data), (64 bytes).

439 unused section(s) (total 15058 bytes) removed from the image.

==============================================================================

Adding Veneers to the image

    Adding TT veneer (10 bytes, Long) for call to 'FLASH_ProgramHalfPage' from flash_if.o(i.FLASH_If_Write).

1 Veneer(s) (total 10 bytes) added to the image.

==============================================================================

Image Symbol Table

    Local Symbols

    Symbol Name                              Value     Ov Type        Size  Object(Section)

    ../clib/../cmprslib/zerorunl2.c          0x00000000   Number         0  __dczerorl2.o ABSOLUTE
    ../clib/microlib/init/entry.s            0x00000000   Number         0  entry8b.o ABSOLUTE
    ../clib/microlib/init/entry.s            0x00000000   Number         0  entry8a.o ABSOLUTE
    ../clib/microlib/init/entry.s            0x00000000   Number         0  entry10a.o ABSOLUTE
    ../clib/microlib/init/entry.s            0x00000000   Number         0  entry9b.o ABSOLUTE
    ../clib/microlib/init/entry.s            0x00000000   Number         0  entry7b.o ABSOLUTE
    ../clib/microlib/init/entry.s            0x00000000   Number         0  entry7a.o ABSOLUTE
    ../clib/microlib/init/entry.s            0x00000000   Number         0  entry9a.o ABSOLUTE
    ../clib/microlib/init/entry.s            0x00000000   Number         0  entry5.o ABSOLUTE
    ../clib/microlib/init/entry.s            0x00000000   Number         0  entry2.o ABSOLUTE
    ../clib/microlib/init/entry.s            0x00000000   Number         0  entry.o ABSOLUTE
    ../clib/microlib/init/entry.s            0x00000000   Number         0  entry11b.o ABSOLUTE
    ../clib/microlib/init/entry.s            0x00000000   Number         0  entry11a.o ABSOLUTE
    ../clib/microlib/init/entry.s            0x00000000   Number         0  entry10b.o ABSOLUTE
    ..\..\..\Libraries\CMSIS\Device\ST\STM32L1xx\Source\Templates\arm\startup_stm32l1xx_md.s 0x00000000   Number         0  startup_stm32l1xx_md.o ABSOLUTE
    ..\..\..\Libraries\STM32F10x_StdPeriph_Driver\src\misc.c 0x00000000   Number         0  misc.o ABSOLUTE
    ..\..\..\Libraries\STM32L1xx_StdPeriph_Driver\src\stm32l1xx_dma.c 0x00000000   Number         0  stm32l1xx_dma.o ABSOLUTE
    ..\..\..\Libraries\STM32L1xx_StdPeriph_Driver\src\stm32l1xx_exti.c 0x00000000   Number         0  stm32l1xx_exti.o ABSOLUTE
    ..\..\..\Libraries\STM32L1xx_StdPeriph_Driver\src\stm32l1xx_flash.c 0x00000000   Number         0  stm32l1xx_flash.o ABSOLUTE
    ..\..\..\Libraries\STM32L1xx_StdPeriph_Driver\src\stm32l1xx_flash_ramfunc.c 0x00000000   Number         0  stm32l1xx_flash_ramfunc.o ABSOLUTE
    ..\..\..\Libraries\STM32L1xx_StdPeriph_Driver\src\stm32l1xx_gpio.c 0x00000000   Number         0  stm32l1xx_gpio.o ABSOLUTE
    ..\..\..\Libraries\STM32L1xx_StdPeriph_Driver\src\stm32l1xx_i2c.c 0x00000000   Number         0  stm32l1xx_i2c.o ABSOLUTE
    ..\..\..\Libraries\STM32L1xx_StdPeriph_Driver\src\stm32l1xx_pwr.c 0x00000000   Number         0  stm32l1xx_pwr.o ABSOLUTE
    ..\..\..\Libraries\STM32L1xx_StdPeriph_Driver\src\stm32l1xx_rcc.c 0x00000000   Number         0  stm32l1xx_rcc.o ABSOLUTE
    ..\..\..\Libraries\STM32L1xx_StdPeriph_Driver\src\stm32l1xx_rtc.c 0x00000000   Number         0  stm32l1xx_rtc.o ABSOLUTE
    ..\..\..\Libraries\STM32L1xx_StdPeriph_Driver\src\stm32l1xx_sdio.c 0x00000000   Number         0  stm32l1xx_sdio.o ABSOLUTE
    ..\..\..\Libraries\STM32L1xx_StdPeriph_Driver\src\stm32l1xx_spi.c 0x00000000   Number         0  stm32l1xx_spi.o ABSOLUTE
    ..\..\..\Libraries\STM32L1xx_StdPeriph_Driver\src\stm32l1xx_syscfg.c 0x00000000   Number         0  stm32l1xx_syscfg.o ABSOLUTE
    ..\..\..\Libraries\STM32L1xx_StdPeriph_Driver\src\stm32l1xx_usart.c 0x00000000   Number         0  stm32l1xx_usart.o ABSOLUTE
    ..\..\..\Libraries\STM32_USB-FS-Device_Driver\src\usb_core.c 0x00000000   Number         0  usb_core.o ABSOLUTE
    ..\..\..\Libraries\STM32_USB-FS-Device_Driver\src\usb_init.c 0x00000000   Number         0  usb_init.o ABSOLUTE
    ..\..\..\Libraries\STM32_USB-FS-Device_Driver\src\usb_int.c 0x00000000   Number         0  usb_int.o ABSOLUTE
    ..\..\..\Libraries\STM32_USB-FS-Device_Driver\src\usb_mem.c 0x00000000   Number         0  usb_mem.o ABSOLUTE
    ..\..\..\Libraries\STM32_USB-FS-Device_Driver\src\usb_regs.c 0x00000000   Number         0  usb_regs.o ABSOLUTE
    ..\..\..\Libraries\STM32_USB-FS-Device_Driver\src\usb_sil.c 0x00000000   Number         0  usb_sil.o ABSOLUTE
    ..\..\..\Utilities\STM32_EVAL\STM32L152_EVAL\stm32l152_eval.c 0x00000000   Number         0  stm32l152_eval.o ABSOLUTE
    ..\\..\\..\\Libraries\\STM32F10x_StdPeriph_Driver\\src\\misc.c 0x00000000   Number         0  misc.o ABSOLUTE
    ..\\..\\..\\Libraries\\STM32L1xx_StdPeriph_Driver\\src\\stm32l1xx_dma.c 0x00000000   Number         0  stm32l1xx_dma.o ABSOLUTE
    ..\\..\\..\\Libraries\\STM32L1xx_StdPeriph_Driver\\src\\stm32l1xx_exti.c 0x00000000   Number         0  stm32l1xx_exti.o ABSOLUTE
    ..\\..\\..\\Libraries\\STM32L1xx_StdPeriph_Driver\\src\\stm32l1xx_flash.c 0x00000000   Number         0  stm32l1xx_flash.o ABSOLUTE
    ..\\..\\..\\Libraries\\STM32L1xx_StdPeriph_Driver\\src\\stm32l1xx_flash_ramfunc.c 0x00000000   Number         0  stm32l1xx_flash_ramfunc.o ABSOLUTE
    ..\\..\\..\\Libraries\\STM32L1xx_StdPeriph_Driver\\src\\stm32l1xx_gpio.c 0x00000000   Number         0  stm32l1xx_gpio.o ABSOLUTE
    ..\\..\\..\\Libraries\\STM32L1xx_StdPeriph_Driver\\src\\stm32l1xx_i2c.c 0x00000000   Number         0  stm32l1xx_i2c.o ABSOLUTE
    ..\\..\\..\\Libraries\\STM32L1xx_StdPeriph_Driver\\src\\stm32l1xx_pwr.c 0x00000000   Number         0  stm32l1xx_pwr.o ABSOLUTE
    ..\\..\\..\\Libraries\\STM32L1xx_StdPeriph_Driver\\src\\stm32l1xx_rcc.c 0x00000000   Number         0  stm32l1xx_rcc.o ABSOLUTE
    ..\\..\\..\\Libraries\\STM32L1xx_StdPeriph_Driver\\src\\stm32l1xx_rtc.c 0x00000000   Number         0  stm32l1xx_rtc.o ABSOLUTE
    ..\\..\\..\\Libraries\\STM32L1xx_StdPeriph_Driver\\src\\stm32l1xx_sdio.c 0x00000000   Number         0  stm32l1xx_sdio.o ABSOLUTE
    ..\\..\\..\\Libraries\\STM32L1xx_StdPeriph_Driver\\src\\stm32l1xx_spi.c 0x00000000   Number         0  stm32l1xx_spi.o ABSOLUTE
    ..\\..\\..\\Libraries\\STM32L1xx_StdPeriph_Driver\\src\\stm32l1xx_syscfg.c 0x00000000   Number         0  stm32l1xx_syscfg.o ABSOLUTE
    ..\\..\\..\\Libraries\\STM32L1xx_StdPeriph_Driver\\src\\stm32l1xx_usart.c 0x00000000   Number         0  stm32l1xx_usart.o ABSOLUTE
    ..\\..\\..\\Libraries\\STM32_USB-FS-Device_Driver\\src\\usb_core.c 0x00000000   Number         0  usb_core.o ABSOLUTE
    ..\\..\\..\\Libraries\\STM32_USB-FS-Device_Driver\\src\\usb_init.c 0x00000000   Number         0  usb_init.o ABSOLUTE
    ..\\..\\..\\Libraries\\STM32_USB-FS-Device_Driver\\src\\usb_int.c 0x00000000   Number         0  usb_int.o ABSOLUTE
    ..\\..\\..\\Libraries\\STM32_USB-FS-Device_Driver\\src\\usb_mem.c 0x00000000   Number         0  usb_mem.o ABSOLUTE
    ..\\..\\..\\Libraries\\STM32_USB-FS-Device_Driver\\src\\usb_regs.c 0x00000000   Number         0  usb_regs.o ABSOLUTE
    ..\\..\\..\\Libraries\\STM32_USB-FS-Device_Driver\\src\\usb_sil.c 0x00000000   Number         0  usb_sil.o ABSOLUTE
    ..\\..\\..\\Utilities\\STM32_EVAL\\STM32L152_EVAL\\stm32l152_eval.c 0x00000000   Number         0  stm32l152_eval.o ABSOLUTE
    ..\\src\\delay.c                         0x00000000   Number         0  delay.o ABSOLUTE
    ..\\src\\dfu_mal.c                       0x00000000   Number         0  dfu_mal.o ABSOLUTE
    ..\\src\\flash_if.c                      0x00000000   Number         0  flash_if.o ABSOLUTE
    ..\\src\\hw_config.c                     0x00000000   Number         0  hw_config.o ABSOLUTE
    ..\\src\\main.c                          0x00000000   Number         0  main.o ABSOLUTE
    ..\\src\\smallssd1306.c                  0x00000000   Number         0  smallssd1306.o ABSOLUTE
    ..\\src\\stm32_it.c                      0x00000000   Number         0  stm32_it.o ABSOLUTE
    ..\\src\\system_stm32l1xx.c              0x00000000   Number         0  system_stm32l1xx_1.o ABSOLUTE
    ..\\src\\usb_desc.c                      0x00000000   Number         0  usb_desc.o ABSOLUTE
    ..\\src\\usb_istr.c                      0x00000000   Number         0  usb_istr.o ABSOLUTE
    ..\\src\\usb_prop.c                      0x00000000   Number         0  usb_prop.o ABSOLUTE
    ..\\src\\usb_pwr.c                       0x00000000   Number         0  usb_pwr.o ABSOLUTE
    ..\src\delay.c                           0x00000000   Number         0  delay.o ABSOLUTE
    ..\src\dfu_mal.c                         0x00000000   Number         0  dfu_mal.o ABSOLUTE
    ..\src\flash_if.c                        0x00000000   Number         0  flash_if.o ABSOLUTE
    ..\src\hw_config.c                       0x00000000   Number         0  hw_config.o ABSOLUTE
    ..\src\main.c                            0x00000000   Number         0  main.o ABSOLUTE
    ..\src\smallssd1306.c                    0x00000000   Number         0  smallssd1306.o ABSOLUTE
    ..\src\stm32_it.c                        0x00000000   Number         0  stm32_it.o ABSOLUTE
    ..\src\system_stm32l1xx.c                0x00000000   Number         0  system_stm32l1xx_1.o ABSOLUTE
    ..\src\usb_desc.c                        0x00000000   Number         0  usb_desc.o ABSOLUTE
    ..\src\usb_istr.c                        0x00000000   Number         0  usb_istr.o ABSOLUTE
    ..\src\usb_prop.c                        0x00000000   Number         0  usb_prop.o ABSOLUTE
    ..\src\usb_pwr.c                         0x00000000   Number         0  usb_pwr.o ABSOLUTE
    dc.s                                     0x00000000   Number         0  dc.o ABSOLUTE
    handlers.s                               0x00000000   Number         0  handlers.o ABSOLUTE
    init.s                                   0x00000000   Number         0  init.o ABSOLUTE
    RESET                                    0x08000000   Section      244  startup_stm32l1xx_md.o(RESET)
    .ARM.Collect$$$$00000000                 0x080000f4   Section        0  entry.o(.ARM.Collect$$$$00000000)
    .ARM.Collect$$$$00000001                 0x080000f4   Section        4  entry2.o(.ARM.Collect$$$$00000001)
    .ARM.Collect$$$$00000004                 0x080000f8   Section        4  entry5.o(.ARM.Collect$$$$00000004)
    .ARM.Collect$$$$00000008                 0x080000fc   Section        0  entry7b.o(.ARM.Collect$$$$00000008)
    .ARM.Collect$$$$0000000A                 0x080000fc   Section        0  entry8b.o(.ARM.Collect$$$$0000000A)
    .ARM.Collect$$$$0000000B                 0x080000fc   Section        8  entry9a.o(.ARM.Collect$$$$0000000B)
    .ARM.Collect$$$$0000000D                 0x08000104   Section        0  entry10a.o(.ARM.Collect$$$$0000000D)
    .ARM.Collect$$$$0000000F                 0x08000104   Section        0  entry11a.o(.ARM.Collect$$$$0000000F)
    .ARM.Collect$$$$00002712                 0x08000104   Section        4  entry2.o(.ARM.Collect$$$$00002712)
    __lit__00000000                          0x08000104   Data           4  entry2.o(.ARM.Collect$$$$00002712)
    .text                                    0x08000108   Section       36  startup_stm32l1xx_md.o(.text)
    .text                                    0x0800012c   Section       36  init.o(.text)
    .text                                    0x08000150   Section        0  __dczerorl2.o(.text)
    i.BusFault_Handler                       0x080001b0   Section        0  stm32_it.o(i.BusFault_Handler)
    i.ByteSwap                               0x080001b2   Section        0  usb_regs.o(i.ByteSwap)
    i.CTR_LP                                 0x080001bc   Section        0  usb_int.o(i.CTR_LP)
    i.ClearDTOG_RX                           0x08000318   Section        0  usb_regs.o(i.ClearDTOG_RX)
    i.ClearDTOG_TX                           0x08000340   Section        0  usb_regs.o(i.ClearDTOG_TX)
    i.Clear_Status_Out                       0x08000368   Section        0  usb_regs.o(i.Clear_Status_Out)
    i.DATA_EEPROM_Unlock                     0x08000388   Section        0  stm32l1xx_flash.o(i.DATA_EEPROM_Unlock)
    i.DFU_Button_Config                      0x080003ac   Section        0  hw_config.o(i.DFU_Button_Config)
    i.DFU_Button_Read                        0x080003d4   Section        0  hw_config.o(i.DFU_Button_Read)
    i.DFU_Data_Setup                         0x080003f8   Section        0  usb_prop.o(i.DFU_Data_Setup)
    i.DFU_GetConfigDescriptor                0x0800046c   Section        0  usb_prop.o(i.DFU_GetConfigDescriptor)
    i.DFU_GetDeviceDescriptor                0x08000478   Section        0  usb_prop.o(i.DFU_GetDeviceDescriptor)
    i.DFU_GetStringDescriptor                0x08000484   Section        0  usb_prop.o(i.DFU_GetStringDescriptor)
    i.DFU_Get_Interface_Setting              0x080004a4   Section        0  usb_prop.o(i.DFU_Get_Interface_Setting)
    i.DFU_NoData_Setup                       0x080004b4   Section        0  usb_prop.o(i.DFU_NoData_Setup)
    i.DFU_Reset                              0x0800056c   Section        0  usb_prop.o(i.DFU_Reset)
    i.DFU_SetConfiguration                   0x0800060c   Section        0  usb_prop.o(i.DFU_SetConfiguration)
    i.DFU_SetDeviceAddress                   0x08000624   Section        0  usb_prop.o(i.DFU_SetDeviceAddress)
    i.DFU_Status_In                          0x08000630   Section        0  usb_prop.o(i.DFU_Status_In)
    i.DFU_Status_Out                         0x08000634   Section        0  usb_prop.o(i.DFU_Status_Out)
    i.DFU_init                               0x080006d0   Section        0  usb_prop.o(i.DFU_init)
    i.DFU_write_crc                          0x080006f8   Section        0  usb_prop.o(i.DFU_write_crc)
    i.DNLOAD                                 0x08000738   Section        0  usb_prop.o(i.DNLOAD)
    i.DataStageIn                            0x0800078c   Section        0  usb_core.o(i.DataStageIn)
    DataStageIn                              0x0800078d   Thumb Code   156  usb_core.o(i.DataStageIn)
    i.DataStageOut                           0x08000840   Section        0  usb_core.o(i.DataStageOut)
    DataStageOut                             0x08000841   Thumb Code   142  usb_core.o(i.DataStageOut)
    i.Data_Setup0                            0x080008e4   Section        0  usb_core.o(i.Data_Setup0)
    Data_Setup0                              0x080008e5   Thumb Code   376  usb_core.o(i.Data_Setup0)
    i.DebugMon_Handler                       0x08000a80   Section        0  stm32_it.o(i.DebugMon_Handler)
    i.EXTI15_10_IRQHandler                   0x08000a84   Section        0  stm32_it.o(i.EXTI15_10_IRQHandler)
    i.EXTI_ClearITPendingBit                 0x08000ab0   Section        0  stm32l1xx_exti.o(i.EXTI_ClearITPendingBit)
    i.EXTI_GetITStatus                       0x08000abc   Section        0  stm32l1xx_exti.o(i.EXTI_GetITStatus)
    i.EXTI_Init                              0x08000adc   Section        0  stm32l1xx_exti.o(i.EXTI_Init)
    i.FLASH_ClearFlag                        0x08000b4c   Section        0  stm32l1xx_flash.o(i.FLASH_ClearFlag)
    i.FLASH_ErasePage                        0x08000b58   Section        0  stm32l1xx_flash.o(i.FLASH_ErasePage)
    i.FLASH_GetStatus                        0x08000b9c   Section        0  stm32l1xx_flash.o(i.FLASH_GetStatus)
    i.FLASH_If_Erase                         0x08000bc4   Section        0  flash_if.o(i.FLASH_If_Erase)
    i.FLASH_If_Init                          0x08000bda   Section        0  flash_if.o(i.FLASH_If_Init)
    i.FLASH_If_Read                          0x08000bde   Section        0  flash_if.o(i.FLASH_If_Read)
    i.FLASH_If_Write                         0x08000be0   Section        0  flash_if.o(i.FLASH_If_Write)
    i.FLASH_Unlock                           0x08000c5c   Section        0  stm32l1xx_flash.o(i.FLASH_Unlock)
    i.FLASH_WaitForLastOperation             0x08000c84   Section        0  stm32l1xx_flash.o(i.FLASH_WaitForLastOperation)
    i.GETSTATE                               0x08000cc0   Section        0  usb_prop.o(i.GETSTATE)
    i.GETSTATUS                              0x08000cdc   Section        0  usb_prop.o(i.GETSTATUS)
    i.GPIO_Init                              0x08000d78   Section        0  stm32l1xx_gpio.o(i.GPIO_Init)
    i.GPIO_PinAFConfig                       0x08000e16   Section        0  stm32l1xx_gpio.o(i.GPIO_PinAFConfig)
    i.GPIO_ReadInputDataBit                  0x08000e36   Section        0  stm32l1xx_gpio.o(i.GPIO_ReadInputDataBit)
    i.GPIO_SetBits                           0x08000e44   Section        0  stm32l1xx_gpio.o(i.GPIO_SetBits)
    i.GPIO_StructInit                        0x08000e48   Section        0  stm32l1xx_gpio.o(i.GPIO_StructInit)
    i.GetEPRxAddr                            0x08000e5c   Section        0  usb_regs.o(i.GetEPRxAddr)
    i.GetEPTxAddr                            0x08000e7c   Section        0  usb_regs.o(i.GetEPTxAddr)
    i.Get_SerialNum                          0x08000e98   Section        0  hw_config.o(i.Get_SerialNum)
    i.HardFault_Handler                      0x08000ec8   Section        0  stm32_it.o(i.HardFault_Handler)
    i.In0_Process                            0x08000ecc   Section        0  usb_core.o(i.In0_Process)
    i.IntToUnicode                           0x08000f28   Section        0  hw_config.o(i.IntToUnicode)
    IntToUnicode                             0x08000f29   Thumb Code    56  hw_config.o(i.IntToUnicode)
    i.LcdChr                                 0x08000f60   Section        0  smallssd1306.o(i.LcdChr)
    i.LcdClear                               0x08000fbc   Section        0  smallssd1306.o(i.LcdClear)
    i.LcdGotoXYFont                          0x08000fd8   Section        0  smallssd1306.o(i.LcdGotoXYFont)
    i.LcdInit                                0x08000ff0   Section        0  smallssd1306.o(i.LcdInit)
    i.LcdSend                                0x080010f4   Section        0  smallssd1306.o(i.LcdSend)
    i.LcdString                              0x08001114   Section        0  smallssd1306.o(i.LcdString)
    i.LcdUpdate                              0x08001144   Section        0  smallssd1306.o(i.LcdUpdate)
    i.Leave_LowPowerMode                     0x08001188   Section        0  hw_config.o(i.Leave_LowPowerMode)
    i.MAL_Erase                              0x080011a4   Section        0  dfu_mal.o(i.MAL_Erase)
    i.MAL_GetStatus                          0x080011c4   Section        0  dfu_mal.o(i.MAL_GetStatus)
    i.MAL_Init                               0x080011ec   Section        0  dfu_mal.o(i.MAL_Init)
    i.MAL_Read                               0x080011f8   Section        0  dfu_mal.o(i.MAL_Read)
    i.MAL_Write                              0x08001218   Section        0  dfu_mal.o(i.MAL_Write)
    i.MemManage_Handler                      0x08001238   Section        0  stm32_it.o(i.MemManage_Handler)
    i.NMI_Handler                            0x0800123a   Section        0  stm32_it.o(i.NMI_Handler)
    i.NOP_Process                            0x0800123c   Section        0  usb_core.o(i.NOP_Process)
    i.NVIC_Init                              0x08001240   Section        0  misc.o(i.NVIC_Init)
    i.NVIC_PriorityGroupConfig               0x080012a4   Section        0  misc.o(i.NVIC_PriorityGroupConfig)
    i.NoData_Setup0                          0x080012b8   Section        0  usb_core.o(i.NoData_Setup0)
    NoData_Setup0                            0x080012b9   Thumb Code   190  usb_core.o(i.NoData_Setup0)
    i.Out0_Process                           0x0800138c   Section        0  usb_core.o(i.Out0_Process)
    i.PMAToUserBufferCopy                    0x080013d4   Section        0  usb_mem.o(i.PMAToUserBufferCopy)
    i.PendSV_Handler                         0x080013f4   Section        0  stm32_it.o(i.PendSV_Handler)
    i.Post0_Process                          0x080013f8   Section        0  usb_core.o(i.Post0_Process)
    i.PowerOn                                0x0800143c   Section        0  usb_pwr.o(i.PowerOn)
    i.RCC_AHBPeriphClockCmd                  0x08001468   Section        0  stm32l1xx_rcc.o(i.RCC_AHBPeriphClockCmd)
    i.RCC_APB1PeriphClockCmd                 0x08001480   Section        0  stm32l1xx_rcc.o(i.RCC_APB1PeriphClockCmd)
    i.RCC_APB2PeriphClockCmd                 0x08001498   Section        0  stm32l1xx_rcc.o(i.RCC_APB2PeriphClockCmd)
    i.RTC_ReadBackupRegister                 0x080014b0   Section        0  stm32l1xx_rtc.o(i.RTC_ReadBackupRegister)
    i.RTC_WriteBackupRegister                0x080014c4   Section        0  stm32l1xx_rtc.o(i.RTC_WriteBackupRegister)
    i.Reset_Device                           0x080014d8   Section        0  hw_config.o(i.Reset_Device)
    i.Resume                                 0x08001500   Section        0  usb_pwr.o(i.Resume)
    i.Resume_Init                            0x08001594   Section        0  usb_pwr.o(i.Resume_Init)
    i.SPI_Cmd                                0x080015b4   Section        0  stm32l1xx_spi.o(i.SPI_Cmd)
    i.SPI_I2S_GetFlagStatus                  0x080015c8   Section        0  stm32l1xx_spi.o(i.SPI_I2S_GetFlagStatus)
    i.SPI_I2S_SendData                       0x080015d6   Section        0  stm32l1xx_spi.o(i.SPI_I2S_SendData)
    i.SPI_Init                               0x080015da   Section        0  stm32l1xx_spi.o(i.SPI_Init)
    i.SPI_send                               0x08001614   Section        0  smallssd1306.o(i.SPI_send)
    i.SVC_Handler                            0x08001634   Section        0  stm32_it.o(i.SVC_Handler)
    i.SYSCFG_USBPuCmd                        0x08001638   Section        0  stm32l1xx_syscfg.o(i.SYSCFG_USBPuCmd)
    i.SetDeviceAddress                       0x08001654   Section        0  usb_core.o(i.SetDeviceAddress)
    i.SetEPRxCount                           0x0800169c   Section        0  usb_regs.o(i.SetEPRxCount)
    i.SetEPRxValid                           0x080016dc   Section        0  usb_regs.o(i.SetEPRxValid)
    i.SetEPTxCount                           0x08001700   Section        0  usb_regs.o(i.SetEPTxCount)
    i.SetEPTxStatus                          0x0800171c   Section        0  usb_regs.o(i.SetEPTxStatus)
    i.SetSysClock                            0x0800174c   Section        0  system_stm32l1xx_1.o(i.SetSysClock)
    SetSysClock                              0x0800174d   Thumb Code   184  system_stm32l1xx_1.o(i.SetSysClock)
    i.Set_System                             0x08001810   Section        0  hw_config.o(i.Set_System)
    i.Set_USBClock                           0x0800184c   Section        0  hw_config.o(i.Set_USBClock)
    i.Setup0_Process                         0x08001854   Section        0  usb_core.o(i.Setup0_Process)
    i.Standard_ClearFeature                  0x080018bc   Section        0  usb_core.o(i.Standard_ClearFeature)
    i.Standard_GetConfiguration              0x080019b8   Section        0  usb_core.o(i.Standard_GetConfiguration)
    i.Standard_GetDescriptorData             0x080019e0   Section        0  usb_core.o(i.Standard_GetDescriptorData)
    i.Standard_GetInterface                  0x080019fc   Section        0  usb_core.o(i.Standard_GetInterface)
    i.Standard_GetStatus                     0x08001a24   Section        0  usb_core.o(i.Standard_GetStatus)
    i.Standard_SetConfiguration              0x08001ab8   Section        0  usb_core.o(i.Standard_SetConfiguration)
    i.Standard_SetDeviceFeature              0x08001af0   Section        0  usb_core.o(i.Standard_SetDeviceFeature)
    i.Standard_SetEndPointFeature            0x08001b14   Section        0  usb_core.o(i.Standard_SetEndPointFeature)
    i.Standard_SetInterface                  0x08001b9c   Section        0  usb_core.o(i.Standard_SetInterface)
    i.Suspend                                0x08001be4   Section        0  usb_pwr.o(i.Suspend)
    i.SysTick_Handler                        0x08001ca8   Section        0  stm32_it.o(i.SysTick_Handler)
    i.SystemInit                             0x08001cb8   Section        0  system_stm32l1xx_1.o(i.SystemInit)
    i.UPLOAD                                 0x08001d0c   Section        0  usb_prop.o(i.UPLOAD)
    i.USB_Cable_Config                       0x08001dd4   Section        0  hw_config.o(i.USB_Cable_Config)
    i.USB_FS_WKUP_IRQHandler                 0x08001ddc   Section        0  stm32_it.o(i.USB_FS_WKUP_IRQHandler)
    i.USB_Init                               0x08001de4   Section        0  usb_init.o(i.USB_Init)
    i.USB_Interrupts_Config                  0x08001e0c   Section        0  hw_config.o(i.USB_Interrupts_Config)
    i.USB_Istr                               0x08001e4c   Section        0  usb_istr.o(i.USB_Istr)
    i.USB_LP_IRQHandler                      0x08001f94   Section        0  stm32_it.o(i.USB_LP_IRQHandler)
    i.USB_SIL_Init                           0x08001f98   Section        0  usb_sil.o(i.USB_SIL_Init)
    i.UsageFault_Handler                     0x08001fb8   Section        0  stm32_it.o(i.UsageFault_Handler)
    i.UserToPMABufferCopy                    0x08001fbc   Section        0  usb_mem.o(i.UserToPMABufferCopy)
    i.__scatterload_copy                     0x08001fe8   Section       14  handlers.o(i.__scatterload_copy)
    i.__scatterload_null                     0x08001ff6   Section        2  handlers.o(i.__scatterload_null)
    i.__scatterload_zeroinit                 0x08001ff8   Section       14  handlers.o(i.__scatterload_zeroinit)
    i.clean_lcd_buf                          0x08002008   Section        0  smallssd1306.o(i.clean_lcd_buf)
    i.delay_ms                               0x08002020   Section        0  delay.o(i.delay_ms)
    i.display_on                             0x08002068   Section        0  smallssd1306.o(i.display_on)
    i.main                                   0x0800217c   Section        0  main.o(i.main)
    i.ssd1306_SetDisplayOn                   0x08002274   Section        0  smallssd1306.o(i.ssd1306_SetDisplayOn)
    .constdata                               0x08002282   Section       20  dfu_mal.o(.constdata)
    TimingTable                              0x08002282   Data          20  dfu_mal.o(.constdata)
    i.FLASH_ProgramHalfPage                  0x20000000   Section        0  stm32l1xx_flash_ramfunc.o(i.FLASH_ProgramHalfPage)
    i.GetStatus                              0x20000070   Section        0  stm32l1xx_flash_ramfunc.o(i.GetStatus)
    GetStatus                                0x20000071   Thumb Code    36  stm32l1xx_flash_ramfunc.o(i.GetStatus)
    i.WaitForLastOperation                   0x20000098   Section        0  stm32l1xx_flash_ramfunc.o(i.WaitForLastOperation)
    WaitForLastOperation                     0x20000099   Thumb Code    58  stm32l1xx_flash_ramfunc.o(i.WaitForLastOperation)
    .data                                    0x200000d4   Section       12  dfu_mal.o(.data)
    .data                                    0x200000e0   Section        8  hw_config.o(.data)
    .data                                    0x200000e8   Section       18  main.o(.data)
    .data                                    0x200000fa   Section       18  usb_desc.o(.data)
    .data                                    0x2000010c   Section       27  usb_desc.o(.data)
    .data                                    0x20000127   Section        4  usb_desc.o(.data)
    .data                                    0x2000012b   Section       38  usb_desc.o(.data)
    .data                                    0x20000151   Section       20  usb_desc.o(.data)
    .data                                    0x20000165   Section       26  usb_desc.o(.data)
    .data                                    0x2000017f   Section       98  usb_desc.o(.data)
    .data                                    0x200001e4   Section       12  usb_istr.o(.data)
    .data                                    0x200001f0   Section       28  usb_istr.o(.data)
    .data                                    0x2000020c   Section       28  usb_istr.o(.data)
    .data                                    0x20000228   Section      120  usb_prop.o(.data)
    .data                                    0x200002a0   Section        2  usb_prop.o(.data)
    .data                                    0x200002a4   Section       36  usb_prop.o(.data)
    .data                                    0x200002c8   Section        4  usb_pwr.o(.data)
    .data                                    0x200002cc   Section        1  usb_pwr.o(.data)
    .data                                    0x200002d0   Section        8  usb_pwr.o(.data)
    .data                                    0x200002d8   Section        4  delay.o(.data)
    .data                                    0x200002dc   Section      804  smallssd1306.o(.data)
    lcd_font_table                           0x200002e0   Data         480  smallssd1306.o(.data)
    lcd_font_table_rus                       0x200004c0   Data         320  smallssd1306.o(.data)
    .data                                    0x20000600   Section       29  system_stm32l1xx_1.o(.data)
    .data                                    0x2000061e   Section        4  usb_core.o(.data)
    .data                                    0x20000622   Section        1  usb_init.o(.data)
    .data                                    0x20000624   Section       12  usb_init.o(.data)
    .data                                    0x20000630   Section        2  usb_init.o(.data)
    .data                                    0x20000632   Section        4  usb_int.o(.data)
    .bss                                     0x20000638   Section     1024  dfu_mal.o(.bss)
    .bss                                     0x20000a38   Section       20  main.o(.bss)
    .bss                                     0x20000a4c   Section       32  usb_pwr.o(.bss)
    .bss                                     0x20000a6c   Section      533  smallssd1306.o(.bss)
    .bss                                     0x20000c84   Section       28  usb_init.o(.bss)
    STACK                                    0x20000ca0   Section     1024  startup_stm32l1xx_md.o(STACK)

    Global Symbols

    Symbol Name                              Value     Ov Type        Size  Object(Section)

    BuildAttributes$$THM_ISAv4$P$D$K$B$S$PE$A:L22UL41UL21$X:L11$S22US41US21$IEEE1$IW$USESV6$~STKCKD$USESV7$~SHL$OSPACE$EBA8$MICROLIB$REQ8$PRES8$EABIv2 0x00000000   Number         0  anon$$obj.o ABSOLUTE
    __ARM_use_no_argv                        0x00000000   Number         0  main.o ABSOLUTE
    __cpp_initialize__aeabi_                  - Undefined Weak Reference
    __cxa_finalize                            - Undefined Weak Reference
    _clock_init                               - Undefined Weak Reference
    _microlib_exit                            - Undefined Weak Reference
    __Vectors_Size                           0x000000f4   Number         0  startup_stm32l1xx_md.o ABSOLUTE
    __Vectors                                0x08000000   Data           4  startup_stm32l1xx_md.o(RESET)
    __Vectors_End                            0x080000f4   Data           0  startup_stm32l1xx_md.o(RESET)
    __main                                   0x080000f5   Thumb Code     0  entry.o(.ARM.Collect$$$$00000000)
    _main_stk                                0x080000f5   Thumb Code     0  entry2.o(.ARM.Collect$$$$00000001)
    _main_scatterload                        0x080000f9   Thumb Code     0  entry5.o(.ARM.Collect$$$$00000004)
    __main_after_scatterload                 0x080000fd   Thumb Code     0  entry5.o(.ARM.Collect$$$$00000004)
    _main_clock                              0x080000fd   Thumb Code     0  entry7b.o(.ARM.Collect$$$$00000008)
    _main_cpp_init                           0x080000fd   Thumb Code     0  entry8b.o(.ARM.Collect$$$$0000000A)
    _main_init                               0x080000fd   Thumb Code     0  entry9a.o(.ARM.Collect$$$$0000000B)
    __rt_final_cpp                           0x08000105   Thumb Code     0  entry10a.o(.ARM.Collect$$$$0000000D)
    __rt_final_exit                          0x08000105   Thumb Code     0  entry11a.o(.ARM.Collect$$$$0000000F)
    Reset_Handler                            0x08000109   Thumb Code     8  startup_stm32l1xx_md.o(.text)
    ADC1_IRQHandler                          0x08000123   Thumb Code     0  startup_stm32l1xx_md.o(.text)
    COMP_IRQHandler                          0x08000123   Thumb Code     0  startup_stm32l1xx_md.o(.text)
    DAC_IRQHandler                           0x08000123   Thumb Code     0  startup_stm32l1xx_md.o(.text)
    DMA1_Channel1_IRQHandler                 0x08000123   Thumb Code     0  startup_stm32l1xx_md.o(.text)
    DMA1_Channel2_IRQHandler                 0x08000123   Thumb Code     0  startup_stm32l1xx_md.o(.text)
    DMA1_Channel3_IRQHandler                 0x08000123   Thumb Code     0  startup_stm32l1xx_md.o(.text)
    DMA1_Channel4_IRQHandler                 0x08000123   Thumb Code     0  startup_stm32l1xx_md.o(.text)
    DMA1_Channel5_IRQHandler                 0x08000123   Thumb Code     0  startup_stm32l1xx_md.o(.text)
    DMA1_Channel6_IRQHandler                 0x08000123   Thumb Code     0  startup_stm32l1xx_md.o(.text)
    DMA1_Channel7_IRQHandler                 0x08000123   Thumb Code     0  startup_stm32l1xx_md.o(.text)
    EXTI0_IRQHandler                         0x08000123   Thumb Code     0  startup_stm32l1xx_md.o(.text)
    EXTI1_IRQHandler                         0x08000123   Thumb Code     0  startup_stm32l1xx_md.o(.text)
    EXTI2_IRQHandler                         0x08000123   Thumb Code     0  startup_stm32l1xx_md.o(.text)
    EXTI3_IRQHandler                         0x08000123   Thumb Code     0  startup_stm32l1xx_md.o(.text)
    EXTI4_IRQHandler                         0x08000123   Thumb Code     0  startup_stm32l1xx_md.o(.text)
    EXTI9_5_IRQHandler                       0x08000123   Thumb Code     0  startup_stm32l1xx_md.o(.text)
    FLASH_IRQHandler                         0x08000123   Thumb Code     0  startup_stm32l1xx_md.o(.text)
    I2C1_ER_IRQHandler                       0x08000123   Thumb Code     0  startup_stm32l1xx_md.o(.text)
    I2C1_EV_IRQHandler                       0x08000123   Thumb Code     0  startup_stm32l1xx_md.o(.text)
    I2C2_ER_IRQHandler                       0x08000123   Thumb Code     0  startup_stm32l1xx_md.o(.text)
    I2C2_EV_IRQHandler                       0x08000123   Thumb Code     0  startup_stm32l1xx_md.o(.text)
    LCD_IRQHandler                           0x08000123   Thumb Code     0  startup_stm32l1xx_md.o(.text)
    PVD_IRQHandler                           0x08000123   Thumb Code     0  startup_stm32l1xx_md.o(.text)
    RCC_IRQHandler                           0x08000123   Thumb Code     0  startup_stm32l1xx_md.o(.text)
    RTC_Alarm_IRQHandler                     0x08000123   Thumb Code     0  startup_stm32l1xx_md.o(.text)
    RTC_WKUP_IRQHandler                      0x08000123   Thumb Code     0  startup_stm32l1xx_md.o(.text)
    SPI1_IRQHandler                          0x08000123   Thumb Code     0  startup_stm32l1xx_md.o(.text)
    SPI2_IRQHandler                          0x08000123   Thumb Code     0  startup_stm32l1xx_md.o(.text)
    TAMPER_STAMP_IRQHandler                  0x08000123   Thumb Code     0  startup_stm32l1xx_md.o(.text)
    TIM10_IRQHandler                         0x08000123   Thumb Code     0  startup_stm32l1xx_md.o(.text)
    TIM11_IRQHandler                         0x08000123   Thumb Code     0  startup_stm32l1xx_md.o(.text)
    TIM2_IRQHandler                          0x08000123   Thumb Code     0  startup_stm32l1xx_md.o(.text)
    TIM3_IRQHandler                          0x08000123   Thumb Code     0  startup_stm32l1xx_md.o(.text)
    TIM4_IRQHandler                          0x08000123   Thumb Code     0  startup_stm32l1xx_md.o(.text)
    TIM6_IRQHandler                          0x08000123   Thumb Code     0  startup_stm32l1xx_md.o(.text)
    TIM7_IRQHandler                          0x08000123   Thumb Code     0  startup_stm32l1xx_md.o(.text)
    TIM9_IRQHandler                          0x08000123   Thumb Code     0  startup_stm32l1xx_md.o(.text)
    USART1_IRQHandler                        0x08000123   Thumb Code     0  startup_stm32l1xx_md.o(.text)
    USART2_IRQHandler                        0x08000123   Thumb Code     0  startup_stm32l1xx_md.o(.text)
    USART3_IRQHandler                        0x08000123   Thumb Code     0  startup_stm32l1xx_md.o(.text)
    USB_HP_IRQHandler                        0x08000123   Thumb Code     0  startup_stm32l1xx_md.o(.text)
    WWDG_IRQHandler                          0x08000123   Thumb Code     0  startup_stm32l1xx_md.o(.text)
    __scatterload                            0x0800012d   Thumb Code    28  init.o(.text)
    __scatterload_rt2                        0x0800012d   Thumb Code     0  init.o(.text)
    __decompress                             0x08000151   Thumb Code     0  __dczerorl2.o(.text)
    __decompress1                            0x08000151   Thumb Code    86  __dczerorl2.o(.text)
    Long Thumb to Thumb Veneer to FLASH_ProgramHalfPage 0x080001a7   Thumb Code    10  anon$$obj.o(Veneer$$Code)
    BusFault_Handler                         0x080001b1   Thumb Code     2  stm32_it.o(i.BusFault_Handler)
    ByteSwap                                 0x080001b3   Thumb Code    10  usb_regs.o(i.ByteSwap)
    CTR_LP                                   0x080001bd   Thumb Code   318  usb_int.o(i.CTR_LP)
    ClearDTOG_RX                             0x08000319   Thumb Code    36  usb_regs.o(i.ClearDTOG_RX)
    ClearDTOG_TX                             0x08000341   Thumb Code    36  usb_regs.o(i.ClearDTOG_TX)
    Clear_Status_Out                         0x08000369   Thumb Code    28  usb_regs.o(i.Clear_Status_Out)
    DATA_EEPROM_Unlock                       0x08000389   Thumb Code    22  stm32l1xx_flash.o(i.DATA_EEPROM_Unlock)
    DFU_Button_Config                        0x080003ad   Thumb Code    36  hw_config.o(i.DFU_Button_Config)
    DFU_Button_Read                          0x080003d5   Thumb Code    32  hw_config.o(i.DFU_Button_Read)
    DFU_Data_Setup                           0x080003f9   Thumb Code    90  usb_prop.o(i.DFU_Data_Setup)
    DFU_GetConfigDescriptor                  0x0800046d   Thumb Code     6  usb_prop.o(i.DFU_GetConfigDescriptor)
    DFU_GetDeviceDescriptor                  0x08000479   Thumb Code     6  usb_prop.o(i.DFU_GetDeviceDescriptor)
    DFU_GetStringDescriptor                  0x08000485   Thumb Code    24  usb_prop.o(i.DFU_GetStringDescriptor)
    DFU_Get_Interface_Setting                0x080004a5   Thumb Code    16  usb_prop.o(i.DFU_Get_Interface_Setting)
    DFU_NoData_Setup                         0x080004b5   Thumb Code   168  usb_prop.o(i.DFU_NoData_Setup)
    DFU_Reset                                0x0800056d   Thumb Code   132  usb_prop.o(i.DFU_Reset)
    DFU_SetConfiguration                     0x0800060d   Thumb Code    16  usb_prop.o(i.DFU_SetConfiguration)
    DFU_SetDeviceAddress                     0x08000625   Thumb Code     8  usb_prop.o(i.DFU_SetDeviceAddress)
    DFU_Status_In                            0x08000631   Thumb Code     2  usb_prop.o(i.DFU_Status_In)
    DFU_Status_Out                           0x08000635   Thumb Code   136  usb_prop.o(i.DFU_Status_Out)
    DFU_init                                 0x080006d1   Thumb Code    30  usb_prop.o(i.DFU_init)
    DFU_write_crc                            0x080006f9   Thumb Code    50  usb_prop.o(i.DFU_write_crc)
    DNLOAD                                   0x08000739   Thumb Code    60  usb_prop.o(i.DNLOAD)
    DebugMon_Handler                         0x08000a81   Thumb Code     2  stm32_it.o(i.DebugMon_Handler)
    EXTI15_10_IRQHandler                     0x08000a85   Thumb Code    40  stm32_it.o(i.EXTI15_10_IRQHandler)
    EXTI_ClearITPendingBit                   0x08000ab1   Thumb Code     6  stm32l1xx_exti.o(i.EXTI_ClearITPendingBit)
    EXTI_GetITStatus                         0x08000abd   Thumb Code    28  stm32l1xx_exti.o(i.EXTI_GetITStatus)
    EXTI_Init                                0x08000add   Thumb Code   108  stm32l1xx_exti.o(i.EXTI_Init)
    FLASH_ClearFlag                          0x08000b4d   Thumb Code     6  stm32l1xx_flash.o(i.FLASH_ClearFlag)
    FLASH_ErasePage                          0x08000b59   Thumb Code    64  stm32l1xx_flash.o(i.FLASH_ErasePage)
    FLASH_GetStatus                          0x08000b9d   Thumb Code    36  stm32l1xx_flash.o(i.FLASH_GetStatus)
    FLASH_If_Erase                           0x08000bc5   Thumb Code    22  flash_if.o(i.FLASH_If_Erase)
    FLASH_If_Init                            0x08000bdb   Thumb Code     4  flash_if.o(i.FLASH_If_Init)
    FLASH_If_Read                            0x08000bdf   Thumb Code     2  flash_if.o(i.FLASH_If_Read)
    FLASH_If_Write                           0x08000be1   Thumb Code   120  flash_if.o(i.FLASH_If_Write)
    FLASH_Unlock                             0x08000c5d   Thumb Code    28  stm32l1xx_flash.o(i.FLASH_Unlock)
    FLASH_WaitForLastOperation               0x08000c85   Thumb Code    58  stm32l1xx_flash.o(i.FLASH_WaitForLastOperation)
    GETSTATE                                 0x08000cc1   Thumb Code    18  usb_prop.o(i.GETSTATE)
    GETSTATUS                                0x08000cdd   Thumb Code   136  usb_prop.o(i.GETSTATUS)
    GPIO_Init                                0x08000d79   Thumb Code   158  stm32l1xx_gpio.o(i.GPIO_Init)
    GPIO_PinAFConfig                         0x08000e17   Thumb Code    32  stm32l1xx_gpio.o(i.GPIO_PinAFConfig)
    GPIO_ReadInputDataBit                    0x08000e37   Thumb Code    14  stm32l1xx_gpio.o(i.GPIO_ReadInputDataBit)
    GPIO_SetBits                             0x08000e45   Thumb Code     4  stm32l1xx_gpio.o(i.GPIO_SetBits)
    GPIO_StructInit                          0x08000e49   Thumb Code    18  stm32l1xx_gpio.o(i.GPIO_StructInit)
    GetEPRxAddr                              0x08000e5d   Thumb Code    22  usb_regs.o(i.GetEPRxAddr)
    GetEPTxAddr                              0x08000e7d   Thumb Code    20  usb_regs.o(i.GetEPTxAddr)
    Get_SerialNum                            0x08000e99   Thumb Code    40  hw_config.o(i.Get_SerialNum)
    HardFault_Handler                        0x08000ec9   Thumb Code     2  stm32_it.o(i.HardFault_Handler)
    In0_Process                              0x08000ecd   Thumb Code    80  usb_core.o(i.In0_Process)
    LcdChr                                   0x08000f61   Thumb Code    84  smallssd1306.o(i.LcdChr)
    LcdClear                                 0x08000fbd   Thumb Code    22  smallssd1306.o(i.LcdClear)
    LcdGotoXYFont                            0x08000fd9   Thumb Code    20  smallssd1306.o(i.LcdGotoXYFont)
    LcdInit                                  0x08000ff1   Thumb Code   256  smallssd1306.o(i.LcdInit)
    LcdSend                                  0x080010f5   Thumb Code    28  smallssd1306.o(i.LcdSend)
    LcdString                                0x08001115   Thumb Code    44  smallssd1306.o(i.LcdString)
    LcdUpdate                                0x08001145   Thumb Code    64  smallssd1306.o(i.LcdUpdate)
    Leave_LowPowerMode                       0x08001189   Thumb Code    20  hw_config.o(i.Leave_LowPowerMode)
    MAL_Erase                                0x080011a5   Thumb Code    24  dfu_mal.o(i.MAL_Erase)
    MAL_GetStatus                            0x080011c5   Thumb Code    34  dfu_mal.o(i.MAL_GetStatus)
    MAL_Init                                 0x080011ed   Thumb Code    10  dfu_mal.o(i.MAL_Init)
    MAL_Read                                 0x080011f9   Thumb Code    24  dfu_mal.o(i.MAL_Read)
    MAL_Write                                0x08001219   Thumb Code    24  dfu_mal.o(i.MAL_Write)
    MemManage_Handler                        0x08001239   Thumb Code     2  stm32_it.o(i.MemManage_Handler)
    NMI_Handler                              0x0800123b   Thumb Code     2  stm32_it.o(i.NMI_Handler)
    NOP_Process                              0x0800123d   Thumb Code     2  usb_core.o(i.NOP_Process)
    NVIC_Init                                0x08001241   Thumb Code    94  misc.o(i.NVIC_Init)
    NVIC_PriorityGroupConfig                 0x080012a5   Thumb Code    10  misc.o(i.NVIC_PriorityGroupConfig)
    Out0_Process                             0x0800138d   Thumb Code    62  usb_core.o(i.Out0_Process)
    PMAToUserBufferCopy                      0x080013d5   Thumb Code    26  usb_mem.o(i.PMAToUserBufferCopy)
    PendSV_Handler                           0x080013f5   Thumb Code     2  stm32_it.o(i.PendSV_Handler)
    Post0_Process                            0x080013f9   Thumb Code    52  usb_core.o(i.Post0_Process)
    PowerOn                                  0x0800143d   Thumb Code    36  usb_pwr.o(i.PowerOn)
    RCC_AHBPeriphClockCmd                    0x08001469   Thumb Code    18  stm32l1xx_rcc.o(i.RCC_AHBPeriphClockCmd)
    RCC_APB1PeriphClockCmd                   0x08001481   Thumb Code    18  stm32l1xx_rcc.o(i.RCC_APB1PeriphClockCmd)
    RCC_APB2PeriphClockCmd                   0x08001499   Thumb Code    18  stm32l1xx_rcc.o(i.RCC_APB2PeriphClockCmd)
    RTC_ReadBackupRegister                   0x080014b1   Thumb Code    14  stm32l1xx_rtc.o(i.RTC_ReadBackupRegister)
    RTC_WriteBackupRegister                  0x080014c5   Thumb Code    14  stm32l1xx_rtc.o(i.RTC_WriteBackupRegister)
    Reset_Device                             0x080014d9   Thumb Code    30  hw_config.o(i.Reset_Device)
    Resume                                   0x08001501   Thumb Code   140  usb_pwr.o(i.Resume)
    Resume_Init                              0x08001595   Thumb Code    26  usb_pwr.o(i.Resume_Init)
    SPI_Cmd                                  0x080015b5   Thumb Code    20  stm32l1xx_spi.o(i.SPI_Cmd)
    SPI_I2S_GetFlagStatus                    0x080015c9   Thumb Code    14  stm32l1xx_spi.o(i.SPI_I2S_GetFlagStatus)
    SPI_I2S_SendData                         0x080015d7   Thumb Code     4  stm32l1xx_spi.o(i.SPI_I2S_SendData)
    SPI_Init                                 0x080015db   Thumb Code    56  stm32l1xx_spi.o(i.SPI_Init)
    SPI_send                                 0x08001615   Thumb Code    26  smallssd1306.o(i.SPI_send)
    SVC_Handler                              0x08001635   Thumb Code     2  stm32_it.o(i.SVC_Handler)
    SYSCFG_USBPuCmd                          0x08001639   Thumb Code    22  stm32l1xx_syscfg.o(i.SYSCFG_USBPuCmd)
    SetDeviceAddress                         0x08001655   Thumb Code    58  usb_core.o(i.SetDeviceAddress)
    SetEPRxCount                             0x0800169d   Thumb Code    54  usb_regs.o(i.SetEPRxCount)
    SetEPRxValid                             0x080016dd   Thumb Code    32  usb_regs.o(i.SetEPRxValid)
    SetEPTxCount                             0x08001701   Thumb Code    20  usb_regs.o(i.SetEPTxCount)
    SetEPTxStatus                            0x0800171d   Thumb Code    44  usb_regs.o(i.SetEPTxStatus)
    Set_System                               0x08001811   Thumb Code    56  hw_config.o(i.Set_System)
    Set_USBClock                             0x0800184d   Thumb Code     8  hw_config.o(i.Set_USBClock)
    Setup0_Process                           0x08001855   Thumb Code    92  usb_core.o(i.Setup0_Process)
    Standard_ClearFeature                    0x080018bd   Thumb Code   232  usb_core.o(i.Standard_ClearFeature)
    Standard_GetConfiguration                0x080019b9   Thumb Code    30  usb_core.o(i.Standard_GetConfiguration)
    Standard_GetDescriptorData               0x080019e1   Thumb Code    24  usb_core.o(i.Standard_GetDescriptorData)
    Standard_GetInterface                    0x080019fd   Thumb Code    30  usb_core.o(i.Standard_GetInterface)
    Standard_GetStatus                       0x08001a25   Thumb Code   130  usb_core.o(i.Standard_GetStatus)
    Standard_SetConfiguration                0x08001ab9   Thumb Code    42  usb_core.o(i.Standard_SetConfiguration)
    Standard_SetDeviceFeature                0x08001af1   Thumb Code    26  usb_core.o(i.Standard_SetDeviceFeature)
    Standard_SetEndPointFeature              0x08001b15   Thumb Code   118  usb_core.o(i.Standard_SetEndPointFeature)
    Standard_SetInterface                    0x08001b9d   Thumb Code    60  usb_core.o(i.Standard_SetInterface)
    Suspend                                  0x08001be5   Thumb Code   176  usb_pwr.o(i.Suspend)
    SysTick_Handler                          0x08001ca9   Thumb Code    10  stm32_it.o(i.SysTick_Handler)
    SystemInit                               0x08001cb9   Thumb Code    68  system_stm32l1xx_1.o(i.SystemInit)
    UPLOAD                                   0x08001d0d   Thumb Code   176  usb_prop.o(i.UPLOAD)
    USB_Cable_Config                         0x08001dd5   Thumb Code     8  hw_config.o(i.USB_Cable_Config)
    USB_FS_WKUP_IRQHandler                   0x08001ddd   Thumb Code     8  stm32_it.o(i.USB_FS_WKUP_IRQHandler)
    USB_Init                                 0x08001de5   Thumb Code    22  usb_init.o(i.USB_Init)
    USB_Interrupts_Config                    0x08001e0d   Thumb Code    62  hw_config.o(i.USB_Interrupts_Config)
    USB_Istr                                 0x08001e4d   Thumb Code   302  usb_istr.o(i.USB_Istr)
    USB_LP_IRQHandler                        0x08001f95   Thumb Code     4  stm32_it.o(i.USB_LP_IRQHandler)
    USB_SIL_Init                             0x08001f99   Thumb Code    24  usb_sil.o(i.USB_SIL_Init)
    UsageFault_Handler                       0x08001fb9   Thumb Code     2  stm32_it.o(i.UsageFault_Handler)
    UserToPMABufferCopy                      0x08001fbd   Thumb Code    38  usb_mem.o(i.UserToPMABufferCopy)
    __scatterload_copy                       0x08001fe9   Thumb Code    14  handlers.o(i.__scatterload_copy)
    __scatterload_null                       0x08001ff7   Thumb Code     2  handlers.o(i.__scatterload_null)
    __scatterload_zeroinit                   0x08001ff9   Thumb Code    14  handlers.o(i.__scatterload_zeroinit)
    clean_lcd_buf                            0x08002009   Thumb Code    18  smallssd1306.o(i.clean_lcd_buf)
    delay_ms                                 0x08002021   Thumb Code    60  delay.o(i.delay_ms)
    display_on                               0x08002069   Thumb Code   264  smallssd1306.o(i.display_on)
    main                                     0x0800217d   Thumb Code   228  main.o(i.main)
    ssd1306_SetDisplayOn                     0x08002275   Thumb Code    14  smallssd1306.o(i.ssd1306_SetDisplayOn)
    Region$$Table$$Base                      0x08002298   Number         0  anon$$obj.o(Region$$Table)
    Region$$Table$$Limit                     0x080022c8   Number         0  anon$$obj.o(Region$$Table)
    FLASH_ProgramHalfPage                    0x20000001   Thumb Code   108  stm32l1xx_flash_ramfunc.o(i.FLASH_ProgramHalfPage)
    pMAL_Erase                               0x200000d4   Data           4  dfu_mal.o(.data)
    pMAL_Write                               0x200000d8   Data           4  dfu_mal.o(.data)
    pMAL_Read                                0x200000dc   Data           4  dfu_mal.o(.data)
    EXTI_InitStructure                       0x200000e0   Data           8  hw_config.o(.data)
    DeviceState                              0x200000e8   Data           1  main.o(.data)
    Jump_To_Application                      0x200000ec   Data           4  main.o(.data)
    JumpAddress                              0x200000f0   Data           4  main.o(.data)
    DeviceStatus                             0x200000f4   Data           6  main.o(.data)
    DFU_DeviceDescriptor                     0x200000fa   Data          18  usb_desc.o(.data)
    DFU_ConfigDescriptor                     0x2000010c   Data          27  usb_desc.o(.data)
    DFU_StringLangId                         0x20000127   Data           4  usb_desc.o(.data)
    DFU_StringVendor                         0x2000012b   Data          38  usb_desc.o(.data)
    DFU_StringProduct                        0x20000151   Data          20  usb_desc.o(.data)
    DFU_StringSerial                         0x20000165   Data          26  usb_desc.o(.data)
    DFU_StringInterface0                     0x2000017f   Data          98  usb_desc.o(.data)
    bIntPackSOF                              0x200001e4   Data           1  usb_istr.o(.data)
    wIstr                                    0x200001e6   Data           2  usb_istr.o(.data)
    esof_counter                             0x200001e8   Data           4  usb_istr.o(.data)
    wCNTR                                    0x200001ec   Data           4  usb_istr.o(.data)
    pEpInt_IN                                0x200001f0   Data          28  usb_istr.o(.data)
    pEpInt_OUT                               0x2000020c   Data          28  usb_istr.o(.data)
    wBlockNum                                0x20000228   Data           4  usb_prop.o(.data)
    wlength                                  0x2000022c   Data           4  usb_prop.o(.data)
    Manifest_State                           0x20000230   Data           4  usb_prop.o(.data)
    Pointer                                  0x20000234   Data           4  usb_prop.o(.data)
    Device_Descriptor                        0x20000238   Data           8  usb_prop.o(.data)
    Config_Descriptor                        0x20000240   Data           8  usb_prop.o(.data)
    Device_Property                          0x20000248   Data          48  usb_prop.o(.data)
    DFU_String_Descriptor                    0x20000278   Data          40  usb_prop.o(.data)
    Device_Table                             0x200002a0   Data           2  usb_prop.o(.data)
    User_Standard_Requests                   0x200002a4   Data          36  usb_prop.o(.data)
    bDeviceState                             0x200002c8   Data           4  usb_pwr.o(.data)
    fSuspendEnabled                          0x200002cc   Data           1  usb_pwr.o(.data)
    ResumeS                                  0x200002d0   Data           2  usb_pwr.o(.data)
    remotewakeupon                           0x200002d4   Data           4  usb_pwr.o(.data)
    msTicks                                  0x200002d8   Data           4  delay.o(.data)
    LcdCacheIdx                              0x200002dc   Data           4  smallssd1306.o(.data)
    SystemCoreClock                          0x20000600   Data           4  system_stm32l1xx_1.o(.data)
    PLLMulTable                              0x20000604   Data           9  system_stm32l1xx_1.o(.data)
    AHBPrescTable                            0x2000060d   Data          16  system_stm32l1xx_1.o(.data)
    Data_Mul_MaxPacketSize                   0x2000061e   Data           1  usb_core.o(.data)
    StatusInfo                               0x20000620   Data           2  usb_core.o(.data)
    EPindex                                  0x20000622   Data           1  usb_init.o(.data)
    pInformation                             0x20000624   Data           4  usb_init.o(.data)
    pProperty                                0x20000628   Data           4  usb_init.o(.data)
    pUser_Standard_Requests                  0x2000062c   Data           4  usb_init.o(.data)
    wInterrupt_Mask                          0x20000630   Data           2  usb_init.o(.data)
    SaveRState                               0x20000632   Data           2  usb_int.o(.data)
    SaveTState                               0x20000634   Data           2  usb_int.o(.data)
    MAL_Buffer                               0x20000638   Data        1024  dfu_mal.o(.bss)
    Power                                    0x20000a38   Data          20  main.o(.bss)
    EP                                       0x20000a4c   Data          32  usb_pwr.o(.bss)
    lcd_buf                                  0x20000a6c   Data          21  smallssd1306.o(.bss)
    LcdCache                                 0x20000a81   Data         512  smallssd1306.o(.bss)
    Device_Info                              0x20000c84   Data          28  usb_init.o(.bss)
    __initial_sp                             0x200010a0   Data           0  startup_stm32l1xx_md.o(STACK)



==============================================================================

Memory Map of the image

  Image Entry point : 0x080000f5

  Load Region LR_IROM1 (Base: 0x08000000, Size: 0x00002900, Max: 0x00020000, ABSOLUTE, COMPRESSED[0x00002794])

    Execution Region ER_IROM1 (Base: 0x08000000, Size: 0x000022c8, Max: 0x00020000, ABSOLUTE)

    Base Addr    Size         Type   Attr      Idx    E Section Name        Object

    0x08000000   0x000000f4   Data   RO          908    RESET               startup_stm32l1xx_md.o
    0x080000f4   0x00000000   Code   RO         3724  * .ARM.Collect$$$$00000000  mc_w.l(entry.o)
    0x080000f4   0x00000004   Code   RO         3727    .ARM.Collect$$$$00000001  mc_w.l(entry2.o)
    0x080000f8   0x00000004   Code   RO         3730    .ARM.Collect$$$$00000004  mc_w.l(entry5.o)
    0x080000fc   0x00000000   Code   RO         3732    .ARM.Collect$$$$00000008  mc_w.l(entry7b.o)
    0x080000fc   0x00000000   Code   RO         3734    .ARM.Collect$$$$0000000A  mc_w.l(entry8b.o)
    0x080000fc   0x00000008   Code   RO         3735    .ARM.Collect$$$$0000000B  mc_w.l(entry9a.o)
    0x08000104   0x00000000   Code   RO         3737    .ARM.Collect$$$$0000000D  mc_w.l(entry10a.o)
    0x08000104   0x00000000   Code   RO         3739    .ARM.Collect$$$$0000000F  mc_w.l(entry11a.o)
    0x08000104   0x00000004   Code   RO         3728    .ARM.Collect$$$$00002712  mc_w.l(entry2.o)
    0x08000108   0x00000024   Code   RO          909    .text               startup_stm32l1xx_md.o
    0x0800012c   0x00000024   Code   RO         3741    .text               mc_w.l(init.o)
    0x08000150   0x00000056   Code   RO         3751    .text               mc_w.l(__dczerorl2.o)
    0x080001a6   0x0000000a   Ven    RO         3753    Veneer$$Code        anon$$obj.o
    0x080001b0   0x00000002   Code   RO          659    i.BusFault_Handler  stm32_it.o
    0x080001b2   0x0000000a   Code   RO         1140    i.ByteSwap          usb_regs.o
    0x080001bc   0x0000015c   Code   RO         1077    i.CTR_LP            usb_int.o
    0x08000318   0x00000028   Code   RO         1141    i.ClearDTOG_RX      usb_regs.o
    0x08000340   0x00000028   Code   RO         1142    i.ClearDTOG_TX      usb_regs.o
    0x08000368   0x00000020   Code   RO         1147    i.Clear_Status_Out  usb_regs.o
    0x08000388   0x00000024   Code   RO         1801    i.DATA_EEPROM_Unlock  stm32l1xx_flash.o
    0x080003ac   0x00000028   Code   RO          285    i.DFU_Button_Config  hw_config.o
    0x080003d4   0x00000024   Code   RO          286    i.DFU_Button_Read   hw_config.o
    0x080003f8   0x00000074   Code   RO          476    i.DFU_Data_Setup    usb_prop.o
    0x0800046c   0x0000000c   Code   RO          477    i.DFU_GetConfigDescriptor  usb_prop.o
    0x08000478   0x0000000c   Code   RO          478    i.DFU_GetDeviceDescriptor  usb_prop.o
    0x08000484   0x00000020   Code   RO          479    i.DFU_GetStringDescriptor  usb_prop.o
    0x080004a4   0x00000010   Code   RO          480    i.DFU_Get_Interface_Setting  usb_prop.o
    0x080004b4   0x000000b8   Code   RO          481    i.DFU_NoData_Setup  usb_prop.o
    0x0800056c   0x000000a0   Code   RO          482    i.DFU_Reset         usb_prop.o
    0x0800060c   0x00000018   Code   RO          483    i.DFU_SetConfiguration  usb_prop.o
    0x08000624   0x0000000c   Code   RO          484    i.DFU_SetDeviceAddress  usb_prop.o
    0x08000630   0x00000002   Code   RO          485    i.DFU_Status_In     usb_prop.o
    0x08000632   0x00000002   PAD
    0x08000634   0x0000009c   Code   RO          486    i.DFU_Status_Out    usb_prop.o
    0x080006d0   0x00000028   Code   RO          487    i.DFU_init          usb_prop.o
    0x080006f8   0x00000040   Code   RO          488    i.DFU_write_crc     usb_prop.o
    0x08000738   0x00000054   Code   RO          489    i.DNLOAD            usb_prop.o
    0x0800078c   0x000000b4   Code   RO          915    i.DataStageIn       usb_core.o
    0x08000840   0x000000a4   Code   RO          916    i.DataStageOut      usb_core.o
    0x080008e4   0x0000019c   Code   RO          917    i.Data_Setup0       usb_core.o
    0x08000a80   0x00000002   Code   RO          660    i.DebugMon_Handler  stm32_it.o
    0x08000a82   0x00000002   PAD
    0x08000a84   0x0000002c   Code   RO          661    i.EXTI15_10_IRQHandler  stm32_it.o
    0x08000ab0   0x0000000c   Code   RO         1729    i.EXTI_ClearITPendingBit  stm32l1xx_exti.o
    0x08000abc   0x00000020   Code   RO         1733    i.EXTI_GetITStatus  stm32l1xx_exti.o
    0x08000adc   0x00000070   Code   RO         1734    i.EXTI_Init         stm32l1xx_exti.o
    0x08000b4c   0x0000000c   Code   RO         1802    i.FLASH_ClearFlag   stm32l1xx_flash.o
    0x08000b58   0x00000044   Code   RO         1803    i.FLASH_ErasePage   stm32l1xx_flash.o
    0x08000b9c   0x00000028   Code   RO         1806    i.FLASH_GetStatus   stm32l1xx_flash.o
    0x08000bc4   0x00000016   Code   RO          239    i.FLASH_If_Erase    flash_if.o
    0x08000bda   0x00000004   Code   RO          240    i.FLASH_If_Init     flash_if.o
    0x08000bde   0x00000002   Code   RO          241    i.FLASH_If_Read     flash_if.o
    0x08000be0   0x0000007c   Code   RO          242    i.FLASH_If_Write    flash_if.o
    0x08000c5c   0x00000028   Code   RO         1829    i.FLASH_Unlock      stm32l1xx_flash.o
    0x08000c84   0x0000003a   Code   RO         1830    i.FLASH_WaitForLastOperation  stm32l1xx_flash.o
    0x08000cbe   0x00000002   PAD
    0x08000cc0   0x0000001c   Code   RO          490    i.GETSTATE          usb_prop.o
    0x08000cdc   0x0000009c   Code   RO          491    i.GETSTATUS         usb_prop.o
    0x08000d78   0x0000009e   Code   RO         2109    i.GPIO_Init         stm32l1xx_gpio.o
    0x08000e16   0x00000020   Code   RO         2110    i.GPIO_PinAFConfig  stm32l1xx_gpio.o
    0x08000e36   0x0000000e   Code   RO         2113    i.GPIO_ReadInputDataBit  stm32l1xx_gpio.o
    0x08000e44   0x00000004   Code   RO         2117    i.GPIO_SetBits      stm32l1xx_gpio.o
    0x08000e48   0x00000012   Code   RO         2118    i.GPIO_StructInit   stm32l1xx_gpio.o
    0x08000e5a   0x00000002   PAD
    0x08000e5c   0x00000020   Code   RO         1159    i.GetEPRxAddr       usb_regs.o
    0x08000e7c   0x0000001c   Code   RO         1162    i.GetEPTxAddr       usb_regs.o
    0x08000e98   0x00000030   Code   RO          288    i.Get_SerialNum     hw_config.o
    0x08000ec8   0x00000002   Code   RO          662    i.HardFault_Handler  stm32_it.o
    0x08000eca   0x00000002   PAD
    0x08000ecc   0x0000005c   Code   RO          918    i.In0_Process       usb_core.o
    0x08000f28   0x00000038   Code   RO          289    i.IntToUnicode      hw_config.o
    0x08000f60   0x0000005c   Code   RO          776    i.LcdChr            smallssd1306.o
    0x08000fbc   0x0000001c   Code   RO          777    i.LcdClear          smallssd1306.o
    0x08000fd8   0x00000018   Code   RO          778    i.LcdGotoXYFont     smallssd1306.o
    0x08000ff0   0x00000104   Code   RO          779    i.LcdInit           smallssd1306.o
    0x080010f4   0x00000020   Code   RO          780    i.LcdSend           smallssd1306.o
    0x08001114   0x00000030   Code   RO          781    i.LcdString         smallssd1306.o
    0x08001144   0x00000044   Code   RO          782    i.LcdUpdate         smallssd1306.o
    0x08001188   0x0000001c   Code   RO          290    i.Leave_LowPowerMode  hw_config.o
    0x080011a4   0x00000020   Code   RO          136    i.MAL_Erase         dfu_mal.o
    0x080011c4   0x00000028   Code   RO          137    i.MAL_GetStatus     dfu_mal.o
    0x080011ec   0x0000000a   Code   RO          138    i.MAL_Init          dfu_mal.o
    0x080011f6   0x00000002   PAD
    0x080011f8   0x00000020   Code   RO          139    i.MAL_Read          dfu_mal.o
    0x08001218   0x00000020   Code   RO          140    i.MAL_Write         dfu_mal.o
    0x08001238   0x00000002   Code   RO          663    i.MemManage_Handler  stm32_it.o
    0x0800123a   0x00000002   Code   RO          664    i.NMI_Handler       stm32_it.o
    0x0800123c   0x00000002   Code   RO          919    i.NOP_Process       usb_core.o
    0x0800123e   0x00000002   PAD
    0x08001240   0x00000064   Code   RO            3    i.NVIC_Init         misc.o
    0x080012a4   0x00000014   Code   RO            4    i.NVIC_PriorityGroupConfig  misc.o
    0x080012b8   0x000000d4   Code   RO          920    i.NoData_Setup0     usb_core.o
    0x0800138c   0x00000048   Code   RO          921    i.Out0_Process      usb_core.o
    0x080013d4   0x00000020   Code   RO         1114    i.PMAToUserBufferCopy  usb_mem.o
    0x080013f4   0x00000002   Code   RO          665    i.PendSV_Handler    stm32_it.o
    0x080013f6   0x00000002   PAD
    0x080013f8   0x00000044   Code   RO          922    i.Post0_Process     usb_core.o
    0x0800143c   0x0000002c   Code   RO          607    i.PowerOn           usb_pwr.o
    0x08001468   0x00000018   Code   RO         2516    i.RCC_AHBPeriphClockCmd  stm32l1xx_rcc.o
    0x08001480   0x00000018   Code   RO         2519    i.RCC_APB1PeriphClockCmd  stm32l1xx_rcc.o
    0x08001498   0x00000018   Code   RO         2522    i.RCC_APB2PeriphClockCmd  stm32l1xx_rcc.o
    0x080014b0   0x00000014   Code   RO         3313    i.RTC_ReadBackupRegister  stm32l1xx_rtc.o
    0x080014c4   0x00000014   Code   RO         3334    i.RTC_WriteBackupRegister  stm32l1xx_rtc.o
    0x080014d8   0x00000028   Code   RO          291    i.Reset_Device      hw_config.o
    0x08001500   0x00000094   Code   RO          608    i.Resume            usb_pwr.o
    0x08001594   0x00000020   Code   RO          609    i.Resume_Init       usb_pwr.o
    0x080015b4   0x00000014   Code   RO         2857    i.SPI_Cmd           stm32l1xx_spi.o
    0x080015c8   0x0000000e   Code   RO         2865    i.SPI_I2S_GetFlagStatus  stm32l1xx_spi.o
    0x080015d6   0x00000004   Code   RO         2869    i.SPI_I2S_SendData  stm32l1xx_spi.o
    0x080015da   0x00000038   Code   RO         2870    i.SPI_Init          stm32l1xx_spi.o
    0x08001612   0x00000002   PAD
    0x08001614   0x00000020   Code   RO          783    i.SPI_send          smallssd1306.o
    0x08001634   0x00000002   Code   RO          666    i.SVC_Handler       stm32_it.o
    0x08001636   0x00000002   PAD
    0x08001638   0x0000001c   Code   RO         2772    i.SYSCFG_USBPuCmd   stm32l1xx_syscfg.o
    0x08001654   0x00000048   Code   RO          923    i.SetDeviceAddress  usb_core.o
    0x0800169c   0x00000040   Code   RO         1185    i.SetEPRxCount      usb_regs.o
    0x080016dc   0x00000024   Code   RO         1187    i.SetEPRxValid      usb_regs.o
    0x08001700   0x0000001c   Code   RO         1189    i.SetEPTxCount      usb_regs.o
    0x0800171c   0x00000030   Code   RO         1190    i.SetEPTxStatus     usb_regs.o
    0x0800174c   0x000000c4   Code   RO          871    i.SetSysClock       system_stm32l1xx_1.o
    0x08001810   0x0000003c   Code   RO          292    i.Set_System        hw_config.o
    0x0800184c   0x00000008   Code   RO          293    i.Set_USBClock      hw_config.o
    0x08001854   0x00000068   Code   RO          924    i.Setup0_Process    usb_core.o
    0x080018bc   0x000000fc   Code   RO          925    i.Standard_ClearFeature  usb_core.o
    0x080019b8   0x00000028   Code   RO          926    i.Standard_GetConfiguration  usb_core.o
    0x080019e0   0x0000001c   Code   RO          927    i.Standard_GetDescriptorData  usb_core.o
    0x080019fc   0x00000028   Code   RO          928    i.Standard_GetInterface  usb_core.o
    0x08001a24   0x00000094   Code   RO          929    i.Standard_GetStatus  usb_core.o
    0x08001ab8   0x00000038   Code   RO          930    i.Standard_SetConfiguration  usb_core.o
    0x08001af0   0x00000024   Code   RO          931    i.Standard_SetDeviceFeature  usb_core.o
    0x08001b14   0x00000088   Code   RO          932    i.Standard_SetEndPointFeature  usb_core.o
    0x08001b9c   0x00000048   Code   RO          933    i.Standard_SetInterface  usb_core.o
    0x08001be4   0x000000c4   Code   RO          610    i.Suspend           usb_pwr.o
    0x08001ca8   0x00000010   Code   RO          667    i.SysTick_Handler   stm32_it.o
    0x08001cb8   0x00000054   Code   RO          873    i.SystemInit        system_stm32l1xx_1.o
    0x08001d0c   0x000000c8   Code   RO          492    i.UPLOAD            usb_prop.o
    0x08001dd4   0x00000008   Code   RO          294    i.USB_Cable_Config  hw_config.o
    0x08001ddc   0x00000008   Code   RO          668    i.USB_FS_WKUP_IRQHandler  stm32_it.o
    0x08001de4   0x00000028   Code   RO         1042    i.USB_Init          usb_init.o
    0x08001e0c   0x0000003e   Code   RO          295    i.USB_Interrupts_Config  hw_config.o
    0x08001e4a   0x00000002   PAD
    0x08001e4c   0x00000148   Code   RO          445    i.USB_Istr          usb_istr.o
    0x08001f94   0x00000004   Code   RO          669    i.USB_LP_IRQHandler  stm32_it.o
    0x08001f98   0x00000020   Code   RO         1508    i.USB_SIL_Init      usb_sil.o
    0x08001fb8   0x00000002   Code   RO          670    i.UsageFault_Handler  stm32_it.o
    0x08001fba   0x00000002   PAD
    0x08001fbc   0x0000002c   Code   RO         1115    i.UserToPMABufferCopy  usb_mem.o
    0x08001fe8   0x0000000e   Code   RO         3745    i.__scatterload_copy  mc_w.l(handlers.o)
    0x08001ff6   0x00000002   Code   RO         3746    i.__scatterload_null  mc_w.l(handlers.o)
    0x08001ff8   0x0000000e   Code   RO         3747    i.__scatterload_zeroinit  mc_w.l(handlers.o)
    0x08002006   0x00000002   PAD
    0x08002008   0x00000018   Code   RO          784    i.clean_lcd_buf     smallssd1306.o
    0x08002020   0x00000048   Code   RO          749    i.delay_ms          delay.o
    0x08002068   0x00000114   Code   RO          785    i.display_on        smallssd1306.o
    0x0800217c   0x000000f8   Code   RO          376    i.main              main.o
    0x08002274   0x0000000e   Code   RO          786    i.ssd1306_SetDisplayOn  smallssd1306.o
    0x08002282   0x00000014   Data   RO          142    .constdata          dfu_mal.o
    0x08002296   0x00000002   PAD
    0x08002298   0x00000030   Data   RO         3743    Region$$Table       anon$$obj.o


    Execution Region RW_IRAM1 (Base: 0x20000000, Size: 0x000010a0, Max: 0x00004000, ABSOLUTE, COMPRESSED[0x000003f8])

    Base Addr    Size         Type   Attr      Idx    E Section Name        Object

    0x20000000   0x00000070   Code   RO         2051    i.FLASH_ProgramHalfPage  stm32l1xx_flash_ramfunc.o
    0x20000070   0x00000028   Code   RO         2054    i.GetStatus         stm32l1xx_flash_ramfunc.o
    0x20000098   0x0000003a   Code   RO         2055    i.WaitForLastOperation  stm32l1xx_flash_ramfunc.o
    0x200000d2   0x00000002   PAD
    0x200000d4   0x0000000c   Data   RW          144    .data               dfu_mal.o
    0x200000e0   0x00000008   Data   RW          297    .data               hw_config.o
    0x200000e8   0x00000012   Data   RW          379    .data               main.o
    0x200000fa   0x00000012   Data   RW          418    .data               usb_desc.o
    0x2000010c   0x0000001b   Data   RW          419    .data               usb_desc.o
    0x20000127   0x00000004   Data   RW          420    .data               usb_desc.o
    0x2000012b   0x00000026   Data   RW          421    .data               usb_desc.o
    0x20000151   0x00000014   Data   RW          422    .data               usb_desc.o
    0x20000165   0x0000001a   Data   RW          423    .data               usb_desc.o
    0x2000017f   0x00000062   Data   RW          424    .data               usb_desc.o
    0x200001e1   0x00000003   PAD
    0x200001e4   0x0000000c   Data   RW          446    .data               usb_istr.o
    0x200001f0   0x0000001c   Data   RW          447    .data               usb_istr.o
    0x2000020c   0x0000001c   Data   RW          448    .data               usb_istr.o
    0x20000228   0x00000078   Data   RW          493    .data               usb_prop.o
    0x200002a0   0x00000002   Data   RW          494    .data               usb_prop.o
    0x200002a2   0x00000002   PAD
    0x200002a4   0x00000024   Data   RW          495    .data               usb_prop.o
    0x200002c8   0x00000004   Data   RW          612    .data               usb_pwr.o
    0x200002cc   0x00000001   Data   RW          613    .data               usb_pwr.o
    0x200002cd   0x00000003   PAD
    0x200002d0   0x00000008   Data   RW          614    .data               usb_pwr.o
    0x200002d8   0x00000004   Data   RW          750    .data               delay.o
    0x200002dc   0x00000324   Data   RW          788    .data               smallssd1306.o
    0x20000600   0x0000001d   Data   RW          874    .data               system_stm32l1xx_1.o
    0x2000061d   0x00000001   PAD
    0x2000061e   0x00000004   Data   RW          934    .data               usb_core.o
    0x20000622   0x00000001   Data   RW         1044    .data               usb_init.o
    0x20000623   0x00000001   PAD
    0x20000624   0x0000000c   Data   RW         1045    .data               usb_init.o
    0x20000630   0x00000002   Data   RW         1047    .data               usb_init.o
    0x20000632   0x00000004   Data   RW         1078    .data               usb_int.o
    0x20000636   0x00000002   PAD
    0x20000638   0x00000400   Zero   RW          141    .bss                dfu_mal.o
    0x20000a38   0x00000014   Zero   RW          378    .bss                main.o
    0x20000a4c   0x00000020   Zero   RW          611    .bss                usb_pwr.o
    0x20000a6c   0x00000215   Zero   RW          787    .bss                smallssd1306.o
    0x20000c81   0x00000003   PAD
    0x20000c84   0x0000001c   Zero   RW         1043    .bss                usb_init.o
    0x20000ca0   0x00000400   Zero   RW          906    STACK               startup_stm32l1xx_md.o


==============================================================================

Image component sizes


      Code (inc. data)   RO Data    RW Data    ZI Data      Debug   Object Name

        72         12          0          4          0      24916   delay.o
       146         30         20         12       1024       7405   dfu_mal.o
       152          4          0          0          0       2974   flash_if.o
       386         38          0          8          0      29986   hw_config.o
       248         20          0         18         20       8713   main.o
       120         16          0          0          0     222771   misc.o
       898         58          0        804        533       7718   smallssd1306.o
        36          8        244          0       1024        956   startup_stm32l1xx_md.o
        88         10          0          0          0       5650   stm32_it.o
       156         14          0          0          0       2600   stm32l1xx_exti.o
       254         40          0          0          0       4969   stm32l1xx_flash.o
       210          8          0          0          0       2828   stm32l1xx_flash_ramfunc.o
       226          0          0          0          0       4084   stm32l1xx_gpio.o
        72         18          0          0          0       2050   stm32l1xx_rcc.o
        40         12          0          0          0       2746   stm32l1xx_rtc.o
        94          0          0          0          0       3288   stm32l1xx_spi.o
        28          6          0          0          0        634   stm32l1xx_syscfg.o
       280         28          0         29          0       1997   system_stm32l1xx_1.o
      2186        284          0          4          0      16639   usb_core.o
         0          0          0        231          0       1030   usb_desc.o
        40         18          0         15         28       4434   usb_init.o
       348         30          0          4          0       1944   usb_int.o
       328         26          0         68          0       1719   usb_istr.o
        76         12          0          0          0       2072   usb_mem.o
      1298        224          0        158          0      14693   usb_prop.o
       420         48          0         13         32       3964   usb_pwr.o
       358         56          0          0          0       6839   usb_regs.o
        32          8          0          0          0        579   usb_sil.o

    ----------------------------------------------------------------------
      8628       1028        314       1380       2664     390198   Object Totals
        10          0         48          0          0          0   (incl. Generated)
        26          0          2         12          3          0   (incl. Padding)

    ----------------------------------------------------------------------

      Code (inc. data)   RO Data    RW Data    ZI Data      Debug   Library Member Name

        86          0          0          0          0          0   __dczerorl2.o
         0          0          0          0          0          0   entry.o
         0          0          0          0          0          0   entry10a.o
         0          0          0          0          0          0   entry11a.o
         8          4          0          0          0          0   entry2.o
         4          0          0          0          0          0   entry5.o
         0          0          0          0          0          0   entry7b.o
         0          0          0          0          0          0   entry8b.o
         8          4          0          0          0          0   entry9a.o
        30          0          0          0          0          0   handlers.o
        36          8          0          0          0         68   init.o

    ----------------------------------------------------------------------
       174         16          0          0          0         68   Library Totals
         2          0          0          0          0          0   (incl. Padding)

    ----------------------------------------------------------------------

      Code (inc. data)   RO Data    RW Data    ZI Data      Debug   Library Name

       172         16          0          0          0         68   mc_w.l

    ----------------------------------------------------------------------
       174         16          0          0          0         68   Library Totals

    ----------------------------------------------------------------------

==============================================================================


      Code (inc. data)   RO Data    RW Data    ZI Data      Debug   

      8802       1044        314       1380       2664     384102   Grand Totals
      8802       1044        314       1016       2664     384102   ELF Image Totals (compressed)
      8802       1044        314       1016          0          0   ROM Totals

==============================================================================

    Total RO  Size (Code + RO Data)                 9116 (   8.90kB)
    Total RW  Size (RW Data + ZI Data)              4044 (   3.95kB)
    Total ROM Size (Code + RO Data + RW Data)      10132 (   9.89kB)

==============================================================================

