###############################################################################
#                                                                             #
# IAR ELF Linker V6.40.4.54170/W32 for ARM              31/Oct/2013  23:46:35 #
# Copyright 2007-2012 IAR Systems AB.                                         #
#                                                                             #
#    Output file  =  T:\Проекты\Альфа-Микрон\fw\alphamicron\bootloader\Projec #
#                    ts\Device_Firmware_Upgrade\EWARM\STM32L152D-EVAL\Exe\DFU #
#                    .out                                                     #
#    Map file     =  T:\Проекты\Альфа-Микрон\fw\alphamicron\bootloader\Projec #
#                    ts\Device_Firmware_Upgrade\EWARM\STM32L152D-EVAL\List\DF #
#                    U.map                                                    #
#    Command line =  T:\Проекты\Альфа-Микрон\fw\alphamicron\bootloader\Projec #
#                    ts\Device_Firmware_Upgrade\EWARM\STM32L152D-EVAL\Obj\dfu #
#                    _mal.o T:\Проекты\Альфа-Микрон\fw\alphamicron\bootloader #
#                    \Projects\Device_Firmware_Upgrade\EWARM\STM32L152D-EVAL\ #
#                    Obj\flash_if.o T:\Проекты\Альфа-Микрон\fw\alphamicron\bo #
#                    otloader\Projects\Device_Firmware_Upgrade\EWARM\STM32L15 #
#                    2D-EVAL\Obj\hw_config.o T:\Проекты\Альфа-Микрон\fw\alpha #
#                    micron\bootloader\Projects\Device_Firmware_Upgrade\EWARM #
#                    \STM32L152D-EVAL\Obj\main.o                              #
#                    T:\Проекты\Альфа-Микрон\fw\alphamicron\bootloader\Projec #
#                    ts\Device_Firmware_Upgrade\EWARM\STM32L152D-EVAL\Obj\mis #
#                    c.o T:\Проекты\Альфа-Микрон\fw\alphamicron\bootloader\Pr #
#                    ojects\Device_Firmware_Upgrade\EWARM\STM32L152D-EVAL\Obj #
#                    \startup_stm32l1xx_hd.o T:\Проекты\Альфа-Микрон\fw\alpha #
#                    micron\bootloader\Projects\Device_Firmware_Upgrade\EWARM #
#                    \STM32L152D-EVAL\Obj\stm32_it.o                          #
#                    T:\Проекты\Альфа-Микрон\fw\alphamicron\bootloader\Projec #
#                    ts\Device_Firmware_Upgrade\EWARM\STM32L152D-EVAL\Obj\stm #
#                    32l152d_eval.o T:\Проекты\Альфа-Микрон\fw\alphamicron\bo #
#                    otloader\Projects\Device_Firmware_Upgrade\EWARM\STM32L15 #
#                    2D-EVAL\Obj\stm32l1xx_dma.o                              #
#                    T:\Проекты\Альфа-Микрон\fw\alphamicron\bootloader\Projec #
#                    ts\Device_Firmware_Upgrade\EWARM\STM32L152D-EVAL\Obj\stm #
#                    32l1xx_exti.o T:\Проекты\Альфа-Микрон\fw\alphamicron\boo #
#                    tloader\Projects\Device_Firmware_Upgrade\EWARM\STM32L152 #
#                    D-EVAL\Obj\stm32l1xx_flash.o                             #
#                    T:\Проекты\Альфа-Микрон\fw\alphamicron\bootloader\Projec #
#                    ts\Device_Firmware_Upgrade\EWARM\STM32L152D-EVAL\Obj\stm #
#                    32l1xx_flash_ramfunc.o T:\Проекты\Альфа-Микрон\fw\alpham #
#                    icron\bootloader\Projects\Device_Firmware_Upgrade\EWARM\ #
#                    STM32L152D-EVAL\Obj\stm32l1xx_gpio.o                     #
#                    T:\Проекты\Альфа-Микрон\fw\alphamicron\bootloader\Projec #
#                    ts\Device_Firmware_Upgrade\EWARM\STM32L152D-EVAL\Obj\stm #
#                    32l1xx_i2c.o T:\Проекты\Альфа-Микрон\fw\alphamicron\boot #
#                    loader\Projects\Device_Firmware_Upgrade\EWARM\STM32L152D #
#                    -EVAL\Obj\stm32l1xx_pwr.o T:\Проекты\Альфа-Микрон\fw\alp #
#                    hamicron\bootloader\Projects\Device_Firmware_Upgrade\EWA #
#                    RM\STM32L152D-EVAL\Obj\stm32l1xx_rcc.o                   #
#                    T:\Проекты\Альфа-Микрон\fw\alphamicron\bootloader\Projec #
#                    ts\Device_Firmware_Upgrade\EWARM\STM32L152D-EVAL\Obj\stm #
#                    32l1xx_syscfg.o T:\Проекты\Альфа-Микрон\fw\alphamicron\b #
#                    ootloader\Projects\Device_Firmware_Upgrade\EWARM\STM32L1 #
#                    52D-EVAL\Obj\stm32l1xx_usart.o                           #
#                    T:\Проекты\Альфа-Микрон\fw\alphamicron\bootloader\Projec #
#                    ts\Device_Firmware_Upgrade\EWARM\STM32L152D-EVAL\Obj\sys #
#                    tem_stm32l1xx.o T:\Проекты\Альфа-Микрон\fw\alphamicron\b #
#                    ootloader\Projects\Device_Firmware_Upgrade\EWARM\STM32L1 #
#                    52D-EVAL\Obj\usb_core.o T:\Проекты\Альфа-Микрон\fw\alpha #
#                    micron\bootloader\Projects\Device_Firmware_Upgrade\EWARM #
#                    \STM32L152D-EVAL\Obj\usb_desc.o                          #
#                    T:\Проекты\Альфа-Микрон\fw\alphamicron\bootloader\Projec #
#                    ts\Device_Firmware_Upgrade\EWARM\STM32L152D-EVAL\Obj\usb #
#                    _init.o T:\Проекты\Альфа-Микрон\fw\alphamicron\bootloade #
#                    r\Projects\Device_Firmware_Upgrade\EWARM\STM32L152D-EVAL #
#                    \Obj\usb_int.o T:\Проекты\Альфа-Микрон\fw\alphamicron\bo #
#                    otloader\Projects\Device_Firmware_Upgrade\EWARM\STM32L15 #
#                    2D-EVAL\Obj\usb_istr.o T:\Проекты\Альфа-Микрон\fw\alpham #
#                    icron\bootloader\Projects\Device_Firmware_Upgrade\EWARM\ #
#                    STM32L152D-EVAL\Obj\usb_mem.o                            #
#                    T:\Проекты\Альфа-Микрон\fw\alphamicron\bootloader\Projec #
#                    ts\Device_Firmware_Upgrade\EWARM\STM32L152D-EVAL\Obj\usb #
#                    _prop.o T:\Проекты\Альфа-Микрон\fw\alphamicron\bootloade #
#                    r\Projects\Device_Firmware_Upgrade\EWARM\STM32L152D-EVAL #
#                    \Obj\usb_pwr.o T:\Проекты\Альфа-Микрон\fw\alphamicron\bo #
#                    otloader\Projects\Device_Firmware_Upgrade\EWARM\STM32L15 #
#                    2D-EVAL\Obj\usb_regs.o T:\Проекты\Альфа-Микрон\fw\alpham #
#                    icron\bootloader\Projects\Device_Firmware_Upgrade\EWARM\ #
#                    STM32L152D-EVAL\Obj\usb_sil.o --redirect                 #
#                    _Printf=_PrintfFull --redirect _Scanf=_ScanfFull -o      #
#                    T:\Проекты\Альфа-Микрон\fw\alphamicron\bootloader\Projec #
#                    ts\Device_Firmware_Upgrade\EWARM\STM32L152D-EVAL\Exe\DFU #
#                    .out --map T:\Проекты\Альфа-Микрон\fw\alphamicron\bootlo #
#                    ader\Projects\Device_Firmware_Upgrade\EWARM\STM32L152D-E #
#                    VAL\List\DFU.map --config T:\Проекты\Альфа-Микрон\fw\alp #
#                    hamicron\bootloader\Projects\Device_Firmware_Upgrade\EWA #
#                    RM\stm32l1xx_flash.icf --semihosting --entry             #
#                    __iar_program_start --vfe                                #
#                                                                             #
#                                                                             #
###############################################################################

*******************************************************************************
*** RUNTIME MODEL ATTRIBUTES
***

CppFlavor       = *
__SystemLibrary = DLib


*******************************************************************************
*** PLACEMENT SUMMARY
***

"A1":  place at 0x08000000 { ro section .intvec };
"P1":  place in [from 0x08000000 to 0x0805ffff] { ro };
"P2":  place in [from 0x20000000 to 0x2000bfff] { rw, block CSTACK, block HEAP };

  Section            Kind        Address    Size  Object
  -------            ----        -------    ----  ------
"A1":                                      0x124
  .intvec            ro code  0x08000000   0x124  startup_stm32l1xx_hd.o [1]
                            - 0x08000124   0x124

"P1":                                     0x1e50
  .text              ro code  0x08000124   0x7d2  usb_core.o [1]
  .text              ro code  0x080008f6    0x2e  copy_init3.o [4]
  .text              ro code  0x08000924   0x142  usb_regs.o [1]
  .text              ro code  0x08000a66    0x48  usb_mem.o [1]
  .text              ro code  0x08000aae    0x22  zero_init3.o [4]
  .text              ro code  0x08000ad0   0x4ac  usb_prop.o [1]
  .text              ro code  0x08000f7c   0x158  hw_config.o [1]
  .text              ro code  0x080010d4   0x184  usb_pwr.o [1]
  .text              ro code  0x08001258    0x1c  usb_sil.o [1]
  .text              ro code  0x08001274    0xa4  dfu_mal.o [1]
  .text              ro code  0x08001318    0x44  stm32l1xx_rcc.o [1]
  .text              ro code  0x0800135c    0xe8  stm32l1xx_flash.o [1]
  .text              ro code  0x08001444    0x8c  stm32l1xx_exti.o [1]
  .text              ro code  0x080014d0   0x100  system_stm32l1xx.o [1]
  .text              ro code  0x080015d0    0x18  stm32l1xx_syscfg.o [1]
  .text              ro code  0x080015e8    0x7c  stm32l1xx_gpio.o [1]
  .text              ro code  0x08001664    0x78  misc.o [1]
  Veneer             ro code  0x080016dc     0x8  - Linker created -
  .text              ro code  0x080016e4    0xa2  flash_if.o [1]
  .text              ro code  0x08001788    0x66  ABImemset.o [4]
  .text              ro code  0x080017f0   0x140  usb_int.o [1]
  .text              ro code  0x08001930   0x134  usb_istr.o [1]
  .text              ro code  0x08001a64    0x58  main.o [1]
  .text              ro code  0x08001abc    0x20  usb_init.o [1]
  .text              ro code  0x08001adc    0x48  stm32_it.o [1]
  .text              ro code  0x08001b24    0x28  data_init3.o [4]
  .iar.init_table    const    0x08001b4c    0x24  - Linker created -
  .text              ro code  0x08001b70    0x16  cmain.o [4]
  .text              ro code  0x08001b86     0x4  low_level_init.o [3]
  .text              ro code  0x08001b8a     0x4  exit.o [3]
  .text              ro code  0x08001b90     0xa  cexit.o [4]
  .text              ro code  0x08001b9c    0x14  exit.o [5]
  .text              ro code  0x08001bb0    0x10  startup_stm32l1xx_hd.o [1]
  .text              ro code  0x08001bc0     0xc  cstartup_M.o [4]
  .text              ro code  0x08001bcc     0x4  startup_stm32l1xx_hd.o [1]
  .text              ro code  0x08001bd0     0x4  startup_stm32l1xx_hd.o [1]
  .text              ro code  0x08001bd4     0x4  startup_stm32l1xx_hd.o [1]
  .text              ro code  0x08001bd8     0x4  startup_stm32l1xx_hd.o [1]
  .text              ro code  0x08001bdc     0x4  startup_stm32l1xx_hd.o [1]
  .text              ro code  0x08001be0     0x4  startup_stm32l1xx_hd.o [1]
  .text              ro code  0x08001be4     0x4  startup_stm32l1xx_hd.o [1]
  .text              ro code  0x08001be8     0x4  startup_stm32l1xx_hd.o [1]
  .text              ro code  0x08001bec     0x4  startup_stm32l1xx_hd.o [1]
  .text              ro code  0x08001bf0     0x4  startup_stm32l1xx_hd.o [1]
  .text              ro code  0x08001bf4     0x4  startup_stm32l1xx_hd.o [1]
  .text              ro code  0x08001bf8     0x4  startup_stm32l1xx_hd.o [1]
  .text              ro code  0x08001bfc     0x4  startup_stm32l1xx_hd.o [1]
  .text              ro code  0x08001c00     0x4  startup_stm32l1xx_hd.o [1]
  .text              ro code  0x08001c04     0x4  startup_stm32l1xx_hd.o [1]
  .text              ro code  0x08001c08     0x4  startup_stm32l1xx_hd.o [1]
  .text              ro code  0x08001c0c     0x4  startup_stm32l1xx_hd.o [1]
  .text              ro code  0x08001c10     0x4  startup_stm32l1xx_hd.o [1]
  .text              ro code  0x08001c14     0x4  startup_stm32l1xx_hd.o [1]
  .text              ro code  0x08001c18     0x4  startup_stm32l1xx_hd.o [1]
  .text              ro code  0x08001c1c     0x4  startup_stm32l1xx_hd.o [1]
  .text              ro code  0x08001c20     0x4  startup_stm32l1xx_hd.o [1]
  .text              ro code  0x08001c24     0x4  startup_stm32l1xx_hd.o [1]
  .text              ro code  0x08001c28     0x4  startup_stm32l1xx_hd.o [1]
  .text              ro code  0x08001c2c     0x4  startup_stm32l1xx_hd.o [1]
  .text              ro code  0x08001c30     0x4  startup_stm32l1xx_hd.o [1]
  .text              ro code  0x08001c34     0x4  startup_stm32l1xx_hd.o [1]
  .text              ro code  0x08001c38     0x4  startup_stm32l1xx_hd.o [1]
  .text              ro code  0x08001c3c     0x4  startup_stm32l1xx_hd.o [1]
  .text              ro code  0x08001c40     0x4  startup_stm32l1xx_hd.o [1]
  .text              ro code  0x08001c44     0x4  startup_stm32l1xx_hd.o [1]
  .text              ro code  0x08001c48     0x4  startup_stm32l1xx_hd.o [1]
  .text              ro code  0x08001c4c     0x4  startup_stm32l1xx_hd.o [1]
  .text              ro code  0x08001c50     0x4  startup_stm32l1xx_hd.o [1]
  .text              ro code  0x08001c54     0x4  startup_stm32l1xx_hd.o [1]
  .text              ro code  0x08001c58     0x4  startup_stm32l1xx_hd.o [1]
  .text              ro code  0x08001c5c     0x4  startup_stm32l1xx_hd.o [1]
  .text              ro code  0x08001c60     0x4  startup_stm32l1xx_hd.o [1]
  .text              ro code  0x08001c64     0x4  startup_stm32l1xx_hd.o [1]
  .text              ro code  0x08001c68     0x4  startup_stm32l1xx_hd.o [1]
  .text              ro code  0x08001c6c     0x4  startup_stm32l1xx_hd.o [1]
  .text              ro code  0x08001c70     0x4  startup_stm32l1xx_hd.o [1]
  .text              ro code  0x08001c74     0x4  startup_stm32l1xx_hd.o [1]
  .text              ro code  0x08001c78     0x4  startup_stm32l1xx_hd.o [1]
  .text              ro code  0x08001c7c     0x4  startup_stm32l1xx_hd.o [1]
  .text              ro code  0x08001c80     0x4  startup_stm32l1xx_hd.o [1]
  .text              ro code  0x08001c84     0x4  startup_stm32l1xx_hd.o [1]
  .text              ro code  0x08001c88     0x4  startup_stm32l1xx_hd.o [1]
  .text              ro code  0x08001c8c     0x4  startup_stm32l1xx_hd.o [1]
  .text              ro code  0x08001c90     0x4  startup_stm32l1xx_hd.o [1]
  .text              ro code  0x08001c94     0x4  startup_stm32l1xx_hd.o [1]
  .text              ro code  0x08001c98     0x4  startup_stm32l1xx_hd.o [1]
  .text              ro code  0x08001c9c     0x4  startup_stm32l1xx_hd.o [1]
  .text              ro code  0x08001ca0     0x4  startup_stm32l1xx_hd.o [1]
  .text              ro code  0x08001ca4     0x4  startup_stm32l1xx_hd.o [1]
  .text              ro code  0x08001ca8     0x4  startup_stm32l1xx_hd.o [1]
  .text              ro code  0x08001cac     0x4  startup_stm32l1xx_hd.o [1]
  .text              ro code  0x08001cb0     0x4  startup_stm32l1xx_hd.o [1]
  .text              ro code  0x08001cb4     0x4  startup_stm32l1xx_hd.o [1]
  .text              ro code  0x08001cb8     0x4  startup_stm32l1xx_hd.o [1]
  .text              ro code  0x08001cbc     0x4  startup_stm32l1xx_hd.o [1]
  .text              ro code  0x08001cc0     0x4  startup_stm32l1xx_hd.o [1]
  .text              ro code  0x08001cc4     0x4  startup_stm32l1xx_hd.o [1]
  .text              ro code  0x08001cc8     0x4  startup_stm32l1xx_hd.o [1]
  .text              ro code  0x08001ccc     0x4  startup_stm32l1xx_hd.o [1]
  .text              ro code  0x08001cd0     0x4  startup_stm32l1xx_hd.o [1]
  .rodata            const    0x08001cd4     0x0  zero_init3.o [4]
  .rodata            const    0x08001cd4     0x0  copy_init3.o [4]
  Initializer bytes  ro data  0x08001cd4   0x2a0  <for P2 s0>
                            - 0x08001f74  0x1e50

"P2", part 1 of 3:                         0x2a0
  P2 s0                       0x20000000   0x2a0  <Init block>
    .textrw          inited   0x20000000    0xd4  stm32l1xx_flash_ramfunc.o [1]
    .data            inited   0x200000d4    0x64  usb_desc.o [1]
    .data            inited   0x20000138    0x30  usb_prop.o [1]
    .data            inited   0x20000168    0x28  usb_desc.o [1]
    .data            inited   0x20000190    0x28  usb_prop.o [1]
    .data            inited   0x200001b8    0x24  usb_prop.o [1]
    .data            inited   0x200001dc    0x1c  usb_desc.o [1]
    .data            inited   0x200001f8    0x1c  usb_desc.o [1]
    .data            inited   0x20000214    0x1c  usb_istr.o [1]
    .data            inited   0x20000230    0x1c  usb_istr.o [1]
    .data            inited   0x2000024c    0x18  usb_prop.o [1]
    .data            inited   0x20000264    0x14  usb_desc.o [1]
    .data            inited   0x20000278    0x14  usb_desc.o [1]
    .data            inited   0x2000028c     0x8  usb_prop.o [1]
    .data            inited   0x20000294     0x4  usb_desc.o [1]
    .data            inited   0x20000298     0x4  usb_prop.o [1]
    .data            inited   0x2000029c     0x1  usb_pwr.o [1]
                            - 0x200002a0   0x2a0

"P2", part 2 of 3:                         0x498
  .bss               zero     0x200002a0   0x400  dfu_mal.o [1]
  .bss               zero     0x200006a0    0x28  usb_init.o [1]
  .bss               zero     0x200006c8    0x20  usb_pwr.o [1]
  .bss               zero     0x200006e8    0x14  main.o [1]
  .bss               zero     0x200006fc     0xc  usb_istr.o [1]
  .bss               zero     0x20000708     0x8  hw_config.o [1]
  .bss               zero     0x20000710     0x8  usb_pwr.o [1]
  .bss               zero     0x20000718     0x4  dfu_mal.o [1]
  .bss               zero     0x2000071c     0x4  dfu_mal.o [1]
  .bss               zero     0x20000720     0x4  dfu_mal.o [1]
  .bss               zero     0x20000724     0x4  usb_core.o [1]
  .bss               zero     0x20000728     0x4  usb_int.o [1]
  .bss               zero     0x2000072c     0x4  usb_pwr.o [1]
  .bss               zero     0x20000730     0x2  usb_init.o [1]
  .bss               zero     0x20000732     0x1  usb_core.o [1]
  .bss               zero     0x20000733     0x1  usb_init.o [1]
                            - 0x20000734   0x494

"P2", part 3 of 3:                         0x400
  CSTACK                      0x20000738   0x400  <Block>
    CSTACK           uninit   0x20000738   0x400  <Block tail>
                            - 0x20000b38   0x400


*******************************************************************************
*** INIT TABLE
***

          Address     Size
          -------     ----
Zero (__iar_zero_init3)
    1 destination range, total size 0x494:
          0x200002a0  0x494

Copy (__iar_copy_init3)
    1 source range, total size 0x2a0 (100% of destination):
          0x08001cd4  0x2a0
    1 destination range, total size 0x29d:
          0x20000000  0x29d



*******************************************************************************
*** MODULE SUMMARY
***

    Module                     ro code  rw code  ro data  rw data
    ------                     -------  -------  -------  -------
T:\Проекты\Альфа-Микрон\fw\alphamicron\bootloader\Projects\Device_Firmware_Upgrade\EWARM\STM32L152D-EVAL\Obj: [1]
    dfu_mal.o                      164                      1 036
    flash_if.o                     162
    hw_config.o                    344                          8
    main.o                          88                         20
    misc.o                         120
    startup_stm32l1xx_hd.o         572
    stm32_it.o                      72
    stm32l1xx_exti.o               140
    stm32l1xx_flash.o              232
    stm32l1xx_flash_ramfunc.o               212      212
    stm32l1xx_gpio.o               124
    stm32l1xx_rcc.o                 68
    stm32l1xx_syscfg.o              24
    system_stm32l1xx.o             256
    usb_core.o                   2 002                          5
    usb_desc.o                                       240      240
    usb_init.o                      32                         43
    usb_int.o                      320                          4
    usb_istr.o                     308                56       68
    usb_mem.o                       72
    usb_prop.o                   1 196               160      160
    usb_pwr.o                      388                 1       45
    usb_regs.o                     322
    usb_sil.o                       28
    -------------------------------------------------------------
    Total:                       7 034      212      669    1 629

command line: [2]
    -------------------------------------------------------------
    Total:

dl7M_tln.a: [3]
    exit.o                           4
    low_level_init.o                 4
    -------------------------------------------------------------
    Total:                           8

rt7M_tl.a: [4]
    ABImemset.o                    102
    cexit.o                         10
    cmain.o                         22
    copy_init3.o                    46
    cstartup_M.o                    12
    data_init3.o                    40
    zero_init3.o                    34
    -------------------------------------------------------------
    Total:                         266

shb_l.a: [5]
    exit.o                          20
    -------------------------------------------------------------
    Total:                          20

    Gaps                             8
    Linker created                   8                39    1 024
-----------------------------------------------------------------
    Grand Total:                 7 344      212      708    2 653


*******************************************************************************
*** ENTRY LIST
***

Entry                      Address   Size  Type      Object
-----                      -------   ----  ----      ------
?main                   0x08001b71         Code  Gb  cmain.o [4]
ADC1_IRQHandler         0x08001c39         Code  Wk  startup_stm32l1xx_hd.o [1]
AES_IRQHandler          0x08001ccd         Code  Wk  startup_stm32l1xx_hd.o [1]
BusFault_Handler        0x08001ae3    0x2  Code  Gb  stm32_it.o [1]
ByteSwap                0x08000a5d    0xa  Code  Gb  usb_regs.o [1]
COMP_ACQ_IRQHandler     0x08001cd1         Code  Wk  startup_stm32l1xx_hd.o [1]
COMP_IRQHandler         0x08001c49         Code  Wk  startup_stm32l1xx_hd.o [1]
CSTACK$$Base            0x20000738          --   Gb  - Linker created -
CSTACK$$Limit           0x20000b38          --   Gb  - Linker created -
CTR_LP                  0x080017f1  0x128  Code  Gb  usb_int.o [1]
ClearDTOG_RX            0x0800098b   0x24  Code  Gb  usb_regs.o [1]
ClearDTOG_TX            0x080009af   0x22  Code  Gb  usb_regs.o [1]
Clear_Status_Out        0x0800096d   0x14  Code  Gb  usb_regs.o [1]
Config_Descriptor       0x2000025c    0x8  Data  Gb  usb_prop.o [1]
DAC_IRQHandler          0x08001c45         Code  Wk  startup_stm32l1xx_hd.o [1]
DATA_EEPROM_Unlock      0x080013ad   0x12  Code  Gb  stm32l1xx_flash.o [1]
DFU_Button_Config       0x08000fdb   0x26  Code  Gb  hw_config.o [1]
DFU_Button_Read         0x08001001    0x8  Code  Gb  hw_config.o [1]
DFU_ConfigDescriptor    0x200001dc   0x1c  Data  Gb  usb_desc.o [1]
DFU_Data_Setup          0x08000c4d   0x64  Code  Gb  usb_prop.o [1]
DFU_DeviceDescriptor    0x20000264   0x14  Data  Gb  usb_desc.o [1]
DFU_GetConfigDescriptor
                        0x08000d6d    0x6  Code  Gb  usb_prop.o [1]
DFU_GetDeviceDescriptor
                        0x08000d67    0x6  Code  Gb  usb_prop.o [1]
DFU_GetStringDescriptor
                        0x08000d73   0x18  Code  Gb  usb_prop.o [1]
DFU_Get_Interface_Setting
                        0x08000d8b   0x10  Code  Gb  usb_prop.o [1]
DFU_NoData_Setup        0x08000cb1   0xb6  Code  Gb  usb_prop.o [1]
DFU_Reset               0x08000af5   0x94  Code  Gb  usb_prop.o [1]
DFU_SetConfiguration    0x08000b89   0x12  Code  Gb  usb_prop.o [1]
DFU_SetDeviceAddress    0x08000b9b    0xa  Code  Gb  usb_prop.o [1]
DFU_Status_In           0x08000ba5    0x2  Code  Gb  usb_prop.o [1]
DFU_Status_Out          0x08000ba7   0xa6  Code  Gb  usb_prop.o [1]
DFU_StringInterface0    0x200000d4   0x64  Data  Gb  usb_desc.o [1]
DFU_StringLangId        0x20000294    0x4  Data  Gb  usb_desc.o [1]
DFU_StringProduct       0x20000278   0x14  Data  Gb  usb_desc.o [1]
DFU_StringSerial        0x200001f8   0x1c  Data  Gb  usb_desc.o [1]
DFU_StringVendor        0x20000168   0x28  Data  Gb  usb_desc.o [1]
DFU_String_Descriptor   0x20000190   0x28  Data  Gb  usb_prop.o [1]
DFU_init                0x08000ad1   0x24  Code  Gb  usb_prop.o [1]
DFU_write_crc           0x08000f0d   0x34  Code  Gb  usb_prop.o [1]
DMA1_Channel1_IRQHandler
                        0x08001c1d         Code  Wk  startup_stm32l1xx_hd.o [1]
DMA1_Channel2_IRQHandler
                        0x08001c21         Code  Wk  startup_stm32l1xx_hd.o [1]
DMA1_Channel3_IRQHandler
                        0x08001c25         Code  Wk  startup_stm32l1xx_hd.o [1]
DMA1_Channel4_IRQHandler
                        0x08001c29         Code  Wk  startup_stm32l1xx_hd.o [1]
DMA1_Channel5_IRQHandler
                        0x08001c2d         Code  Wk  startup_stm32l1xx_hd.o [1]
DMA1_Channel6_IRQHandler
                        0x08001c31         Code  Wk  startup_stm32l1xx_hd.o [1]
DMA1_Channel7_IRQHandler
                        0x08001c35         Code  Wk  startup_stm32l1xx_hd.o [1]
DMA2_Channel1_IRQHandler
                        0x08001cb9         Code  Wk  startup_stm32l1xx_hd.o [1]
DMA2_Channel2_IRQHandler
                        0x08001cbd         Code  Wk  startup_stm32l1xx_hd.o [1]
DMA2_Channel3_IRQHandler
                        0x08001cc1         Code  Wk  startup_stm32l1xx_hd.o [1]
DMA2_Channel4_IRQHandler
                        0x08001cc5         Code  Wk  startup_stm32l1xx_hd.o [1]
DMA2_Channel5_IRQHandler
                        0x08001cc9         Code  Wk  startup_stm32l1xx_hd.o [1]
DNLOAD                  0x08000e3d   0x3a  Code  Gb  usb_prop.o [1]
DataStageIn             0x08000463   0xa6  Code  Lc  usb_core.o [1]
DataStageOut            0x080003d1   0x92  Code  Lc  usb_core.o [1]
Data_Mul_MaxPacketSize  0x20000732    0x1  Data  Gb  usb_core.o [1]
Data_Setup0             0x080005d3  0x176  Code  Lc  usb_core.o [1]
DebugMon_Handler        0x08001ae9    0x2  Code  Gb  stm32_it.o [1]
DeviceState             0x200006f0    0x1  Data  Gb  main.o [1]
DeviceStatus            0x200006e8    0x8  Data  Gb  main.o [1]
Device_Descriptor       0x2000028c    0x8  Data  Gb  usb_prop.o [1]
Device_Info             0x200006a0   0x1c  Data  Gb  usb_init.o [1]
Device_Property         0x20000138   0x30  Data  Gb  usb_prop.o [1]
Device_Table            0x20000298    0x4  Data  Gb  usb_prop.o [1]
EP                      0x200006c8   0x20  Data  Gb  usb_pwr.o [1]
EPindex                 0x20000733    0x1  Data  Gb  usb_init.o [1]
EXTI0_IRQHandler        0x08001af3   0x26  Code  Gb  stm32_it.o [1]
EXTI15_10_IRQHandler    0x08001c91         Code  Wk  startup_stm32l1xx_hd.o [1]
EXTI1_IRQHandler        0x08001c0d         Code  Wk  startup_stm32l1xx_hd.o [1]
EXTI2_IRQHandler        0x08001c11         Code  Wk  startup_stm32l1xx_hd.o [1]
EXTI3_IRQHandler        0x08001c15         Code  Wk  startup_stm32l1xx_hd.o [1]
EXTI4_IRQHandler        0x08001c19         Code  Wk  startup_stm32l1xx_hd.o [1]
EXTI9_5_IRQHandler      0x08001c4d         Code  Wk  startup_stm32l1xx_hd.o [1]
EXTI_ClearITPendingBit  0x080014bf    0x2  Code  Gb  stm32l1xx_exti.o [1]
EXTI_GetITStatus        0x080014a9   0x16  Code  Gb  stm32l1xx_exti.o [1]
EXTI_Init               0x08001445   0x64  Code  Gb  stm32l1xx_exti.o [1]
EXTI_InitStructure      0x20000708    0x8  Data  Gb  hw_config.o [1]
FLASH_ClearFlag         0x080013c9    0x6  Code  Gb  stm32l1xx_flash.o [1]
FLASH_ErasePage         0x08001375   0x38  Code  Gb  stm32l1xx_flash.o [1]
FLASH_GetStatus         0x080013cf   0x24  Code  Gb  stm32l1xx_flash.o [1]
FLASH_IRQHandler        0x08001c01         Code  Wk  startup_stm32l1xx_hd.o [1]
FLASH_If_Erase          0x080016e9   0x16  Code  Gb  flash_if.o [1]
FLASH_If_Init           0x080016e5    0x4  Code  Gb  flash_if.o [1]
FLASH_If_Read           0x08001785    0x2  Code  Gb  flash_if.o [1]
FLASH_If_Write          0x080016ff   0x82  Code  Gb  flash_if.o [1]
FLASH_ProgramHalfPage   0x20000001   0x4a  Code  Gb  stm32l1xx_flash_ramfunc.o [1]
FLASH_Unlock            0x0800135d   0x18  Code  Gb  stm32l1xx_flash.o [1]
FLASH_WaitForLastOperation
                        0x0800140d   0x38  Code  Gb  stm32l1xx_flash.o [1]
GETSTATE                0x08000e79   0x12  Code  Gb  usb_prop.o [1]
GETSTATUS               0x08000e8d   0x80  Code  Gb  usb_prop.o [1]
GPIO_Init               0x080015e9   0x6e  Code  Gb  stm32l1xx_gpio.o [1]
GPIO_ReadInputDataBit   0x08001657    0xe  Code  Gb  stm32l1xx_gpio.o [1]
GetEPRxAddr             0x080009d3    0xe  Code  Gb  usb_regs.o [1]
GetEPTxAddr             0x080009d1    0x2  Code  Gb  usb_regs.o [1]
GetStatus               0x2000006d   0x24  Code  Lc  stm32l1xx_flash_ramfunc.o [1]
Get_SerialNum           0x08001065   0x28  Code  Gb  hw_config.o [1]
HardFault_Handler       0x08001adf    0x2  Code  Gb  stm32_it.o [1]
I2C1_ER_IRQHandler      0x08001c71         Code  Wk  startup_stm32l1xx_hd.o [1]
I2C1_EV_IRQHandler      0x08001c6d         Code  Wk  startup_stm32l1xx_hd.o [1]
I2C2_ER_IRQHandler      0x08001c79         Code  Wk  startup_stm32l1xx_hd.o [1]
I2C2_EV_IRQHandler      0x08001c75         Code  Wk  startup_stm32l1xx_hd.o [1]
In0_Process             0x080007c5   0x46  Code  Gb  usb_core.o [1]
IntToUnicode            0x080010ad   0x28  Code  Lc  hw_config.o [1]
JumpAddress             0x200006f8    0x4  Data  Gb  main.o [1]
Jump_To_Application     0x200006f4    0x4  Data  Gb  main.o [1]
LCD_IRQHandler          0x08001c51         Code  Wk  startup_stm32l1xx_hd.o [1]
Leave_LowPowerMode      0x08000fbf   0x14  Code  Gb  hw_config.o [1]
MAL_Buffer              0x200002a0  0x400  Data  Gb  dfu_mal.o [1]
MAL_Erase               0x0800127f   0x18  Code  Gb  dfu_mal.o [1]
MAL_GetStatus           0x080012e1   0x22  Code  Gb  dfu_mal.o [1]
MAL_Init                0x08001275    0xa  Code  Gb  dfu_mal.o [1]
MAL_Read                0x080012af   0x18  Code  Gb  dfu_mal.o [1]
MAL_Write               0x08001297   0x18  Code  Gb  dfu_mal.o [1]
Manifest_State          0x20000254    0x4  Data  Gb  usb_prop.o [1]
MemManage_Handler       0x08001ae1    0x2  Code  Gb  stm32_it.o [1]
NMI_Handler             0x08001add    0x2  Code  Gb  stm32_it.o [1]
NOP_Process             0x080008f5    0x2  Code  Gb  usb_core.o [1]
NVIC_Init               0x0800166f   0x58  Code  Gb  misc.o [1]
NVIC_PriorityGroupConfig
                        0x08001665    0xa  Code  Gb  misc.o [1]
NoData_Setup0           0x08000509   0xca  Code  Lc  usb_core.o [1]
Out0_Process            0x0800080b   0x30  Code  Gb  usb_core.o [1]
PMAToUserBufferCopy     0x08000a91   0x1e  Code  Gb  usb_mem.o [1]
PVD_IRQHandler          0x08001bf5         Code  Wk  startup_stm32l1xx_hd.o [1]
PendSV_Handler          0x08001aeb    0x2  Code  Gb  stm32_it.o [1]
Pointer                 0x20000258    0x4  Data  Gb  usb_prop.o [1]
Post0_Process           0x08000843   0x2c  Code  Gb  usb_core.o [1]
PowerOn                 0x080010d5   0x22  Code  Gb  usb_pwr.o [1]
RCC_AHBPeriphClockCmd   0x08001319   0x12  Code  Gb  stm32l1xx_rcc.o [1]
RCC_APB1PeriphClockCmd  0x0800133d   0x12  Code  Gb  stm32l1xx_rcc.o [1]
RCC_APB2PeriphClockCmd  0x0800132b   0x12  Code  Gb  stm32l1xx_rcc.o [1]
RCC_IRQHandler          0x08001c05         Code  Wk  startup_stm32l1xx_hd.o [1]
RTC_Alarm_IRQHandler    0x08001c95         Code  Wk  startup_stm32l1xx_hd.o [1]
RTC_WKUP_IRQHandler     0x08001bfd         Code  Wk  startup_stm32l1xx_hd.o [1]
Region$$Table$$Base     0x08001b4c          --   Gb  - Linker created -
Region$$Table$$Limit    0x08001b70          --   Gb  - Linker created -
Reset_Device            0x08001047   0x1e  Code  Gb  hw_config.o [1]
Reset_Handler           0x08001bb1         Code  Wk  startup_stm32l1xx_hd.o [1]
Resume                  0x080011b9   0x84  Code  Gb  usb_pwr.o [1]
ResumeS                 0x20000710    0x4  Data  Gb  usb_pwr.o [1]
Resume_Init             0x0800119d   0x1a  Code  Gb  usb_pwr.o [1]
SDIO_IRQHandler         0x08001ca5         Code  Wk  startup_stm32l1xx_hd.o [1]
SPI1_IRQHandler         0x08001c7d         Code  Wk  startup_stm32l1xx_hd.o [1]
SPI2_IRQHandler         0x08001c81         Code  Wk  startup_stm32l1xx_hd.o [1]
SPI3_IRQHandler         0x08001cad         Code  Wk  startup_stm32l1xx_hd.o [1]
SVC_Handler             0x08001ae7    0x2  Code  Gb  stm32_it.o [1]
SYSCFG_USBPuCmd         0x080015d1   0x14  Code  Gb  stm32l1xx_syscfg.o [1]
SaveRState              0x20000728    0x2  Data  Gb  usb_int.o [1]
SaveTState              0x2000072a    0x2  Data  Gb  usb_int.o [1]
SetDeviceAddress        0x0800087b   0x36  Code  Gb  usb_core.o [1]
SetEPRxCount            0x080009ef   0x38  Code  Gb  usb_regs.o [1]
SetEPRxValid            0x08000955   0x18  Code  Gb  usb_regs.o [1]
SetEPTxCount            0x080009e1    0xe  Code  Gb  usb_regs.o [1]
SetEPTxStatus           0x08000925   0x22  Code  Gb  usb_regs.o [1]
Set_System              0x08000f7d   0x38  Code  Gb  hw_config.o [1]
Set_USBClock            0x08000fb5    0xa  Code  Gb  hw_config.o [1]
Setup0_Process          0x0800075d   0x68  Code  Gb  usb_core.o [1]
Standard_ClearFeature   0x08000267   0xc2  Code  Gb  usb_core.o [1]
Standard_GetConfiguration
                        0x08000125   0x18  Code  Gb  usb_core.o [1]
Standard_GetDescriptorData
                        0x080003b7   0x1a  Code  Gb  usb_core.o [1]
Standard_GetInterface   0x0800016f   0x18  Code  Gb  usb_core.o [1]
Standard_GetStatus      0x080001d7   0x88  Code  Gb  usb_core.o [1]
Standard_SetConfiguration
                        0x0800013d   0x32  Code  Gb  usb_core.o [1]
Standard_SetDeviceFeature
                        0x0800039b   0x1c  Code  Gb  usb_core.o [1]
Standard_SetEndPointFeature
                        0x08000329   0x72  Code  Gb  usb_core.o [1]
Standard_SetInterface   0x08000191   0x46  Code  Gb  usb_core.o [1]
StatusInfo              0x20000724    0x4  Data  Gb  usb_core.o [1]
Suspend                 0x080010f7   0xa6  Code  Gb  usb_pwr.o [1]
SysTick_Handler         0x08001aed    0x2  Code  Gb  stm32_it.o [1]
SystemInit              0x080014d1   0xe6  Code  Gb  system_stm32l1xx.o [1]
TAMPER_STAMP_IRQHandler
                        0x08001bf9         Code  Wk  startup_stm32l1xx_hd.o [1]
TIM10_IRQHandler        0x08001c59         Code  Wk  startup_stm32l1xx_hd.o [1]
TIM11_IRQHandler        0x08001c5d         Code  Wk  startup_stm32l1xx_hd.o [1]
TIM2_IRQHandler         0x08001c61         Code  Wk  startup_stm32l1xx_hd.o [1]
TIM3_IRQHandler         0x08001c65         Code  Wk  startup_stm32l1xx_hd.o [1]
TIM4_IRQHandler         0x08001c69         Code  Wk  startup_stm32l1xx_hd.o [1]
TIM5_IRQHandler         0x08001ca9         Code  Wk  startup_stm32l1xx_hd.o [1]
TIM6_IRQHandler         0x08001c9d         Code  Wk  startup_stm32l1xx_hd.o [1]
TIM7_IRQHandler         0x08001ca1         Code  Wk  startup_stm32l1xx_hd.o [1]
TIM9_IRQHandler         0x08001c55         Code  Wk  startup_stm32l1xx_hd.o [1]
TimingTable             0x08001304   0x14  Data  Lc  dfu_mal.o [1]
UART4_IRQHandler        0x08001cb1         Code  Wk  startup_stm32l1xx_hd.o [1]
UART5_IRQHandler        0x08001cb5         Code  Wk  startup_stm32l1xx_hd.o [1]
UPLOAD                  0x08000d9d   0x9e  Code  Gb  usb_prop.o [1]
USART1_IRQHandler       0x08001c85         Code  Wk  startup_stm32l1xx_hd.o [1]
USART2_IRQHandler       0x08001c89         Code  Wk  startup_stm32l1xx_hd.o [1]
USART3_IRQHandler       0x08001c8d         Code  Wk  startup_stm32l1xx_hd.o [1]
USB_Cable_Config        0x08000fd3    0x8  Code  Gb  hw_config.o [1]
USB_FS_WKUP_IRQHandler  0x08001b1d    0x8  Code  Gb  stm32_it.o [1]
USB_HP_IRQHandler       0x08001c3d         Code  Wk  startup_stm32l1xx_hd.o [1]
USB_Init                0x08001abd   0x20  Code  Gb  usb_init.o [1]
USB_Interrupts_Config   0x08001009   0x32  Code  Gb  hw_config.o [1]
USB_Istr                0x08001931  0x134  Code  Gb  usb_istr.o [1]
USB_LP_IRQHandler       0x08001aef    0x4  Code  Gb  stm32_it.o [1]
USB_SIL_Init            0x08001259   0x14  Code  Gb  usb_sil.o [1]
UsageFault_Handler      0x08001ae5    0x2  Code  Gb  stm32_it.o [1]
UserToPMABufferCopy     0x08000a67   0x2a  Code  Gb  usb_mem.o [1]
User_Standard_Requests  0x200001b8   0x24  Data  Gb  usb_prop.o [1]
WWDG_IRQHandler         0x08001bf1         Code  Wk  startup_stm32l1xx_hd.o [1]
WaitForLastOperation    0x2000009d   0x38  Code  Lc  stm32l1xx_flash_ramfunc.o [1]
__aeabi_memset          0x08001789         Code  Gb  ABImemset.o [4]
__cmain                 0x08001b71         Code  Gb  cmain.o [4]
__exit                  0x08001b9d   0x14  Code  Gb  exit.o [5]
__iar_Memset            0x08001789         Code  Gb  ABImemset.o [4]
__iar_Memset_word       0x08001791         Code  Gb  ABImemset.o [4]
__iar_copy_init3        0x080008f7   0x2e  Code  Gb  copy_init3.o [4]
__iar_data_init3        0x08001b25   0x28  Code  Gb  data_init3.o [4]
__iar_program_start     0x08001bc1         Code  Gb  cstartup_M.o [4]
__iar_zero_init3        0x08000aaf   0x22  Code  Gb  zero_init3.o [4]
__low_level_init        0x08001b87    0x4  Code  Gb  low_level_init.o [3]
__vector_table          0x08000000         Data  Gb  startup_stm32l1xx_hd.o [1]
_call_main              0x08001b7d         Code  Gb  cmain.o [4]
_exit                   0x08001b91         Code  Gb  cexit.o [4]
_main                   0x08001b83         Code  Gb  cmain.o [4]
bDeviceState            0x2000072c    0x4  Data  Gb  usb_pwr.o [1]
bIntPackSOF             0x200006fc    0x1  Data  Gb  usb_istr.o [1]
esof_counter            0x20000700    0x4  Data  Gb  usb_istr.o [1]
exit                    0x08001b8b    0x4  Code  Gb  exit.o [3]
fSuspendEnabled         0x2000029c    0x1  Data  Gb  usb_pwr.o [1]
main                    0x08001a65   0x58  Code  Gb  main.o [1]
pEpInt_IN               0x20000214   0x1c  Data  Gb  usb_istr.o [1]
pEpInt_OUT              0x20000230   0x1c  Data  Gb  usb_istr.o [1]
pInformation            0x200006bc    0x4  Data  Gb  usb_init.o [1]
pMAL_Erase              0x20000718    0x4  Data  Gb  dfu_mal.o [1]
pMAL_Read               0x20000720    0x4  Data  Gb  dfu_mal.o [1]
pMAL_Write              0x2000071c    0x4  Data  Gb  dfu_mal.o [1]
pProperty               0x200006c0    0x4  Data  Gb  usb_init.o [1]
pUser_Standard_Requests
                        0x200006c4    0x4  Data  Gb  usb_init.o [1]
remotewakeupon          0x20000714    0x4  Data  Gb  usb_pwr.o [1]
wBlockNum               0x2000024c    0x4  Data  Gb  usb_prop.o [1]
wCNTR                   0x20000704    0x4  Data  Gb  usb_istr.o [1]
wInterrupt_Mask         0x20000730    0x2  Data  Gb  usb_init.o [1]
wIstr                   0x200006fe    0x2  Data  Gb  usb_istr.o [1]
wlength                 0x20000250    0x4  Data  Gb  usb_prop.o [1]


[1] = T:\Проекты\Альфа-Микрон\fw\alphamicron\bootloader\Projects\Device_Firmware_Upgrade\EWARM\STM32L152D-EVAL\Obj
[2] = command line
[3] = dl7M_tln.a
[4] = rt7M_tl.a
[5] = shb_l.a

  7 344 bytes of readonly  code memory
    212 bytes of readwrite code memory
    708 bytes of readonly  data memory
  2 653 bytes of readwrite data memory

Errors: none
Warnings: none
