<html>
<body>
<pre>
<h1>µVision Build Log</h1>
<h2>Tool Versions:</h2>
IDE-Version: µVision V5.22.0.0
Copyright (C) 2016 ARM Ltd and ARM Germany GmbH. All rights reserved.
License Information: Leo Sky, none, LIC=JL28G-V4QBZ-CXAU6-DTBQE-3ATNM-KBD91
 
Tool Versions:
Toolchain:       MDK-ARM Plus  Version: 5.22
Toolchain Path:  C:\Keil_v5\ARM\ARMCC\Bin
C Compiler:      Armcc.exe V5.06 update 4 (build 422)
Assembler:       Armasm.exe V5.06 update 4 (build 422)
Linker/Locator:  ArmLink.exe V5.06 update 4 (build 422)
Library Manager: ArmAr.exe V5.06 update 4 (build 422)
Hex Converter:   FromElf.exe V5.06 update 4 (build 422)
CPU DLL:         SARMCM3.DLL V5.22
Dialog DLL:      DCM.DLL V1.13.9.0
Target DLL:      STLink\ST-LINKIII-KEIL_SWO.dll V2.0.18.0
Dialog DLL:      TCM.DLL V1.21.0.0
 
<h2>Project:</h2>
F:\femto-micron\Dosimeter-Femto-Micron-Firmware-release3\ultramicron.uvprojx
Project File Date:  07/26/2023

<h2>Output:</h2>
*** Using Compiler 'V5.06 update 4 (build 422)', folder: 'C:\Keil_v5\ARM\ARMCC\Bin'
Build target 'Ultra-Micron 4.02+'
compiling services.c...
linking...
Program Size: Code=37848 RO-data=472 RW-data=4060 ZI-data=3712  
FromELF: creating hex file...
".\obj\Ultra-Micron_4_02.axf" - 0 Error(s), 0 Warning(s).

<h2>Collection of Component include folders:</h2>
  F:\femto-micron\Dosimeter-Femto-Micron-Firmware-release3\RTE\_Ultra-Micron_4.02_
  C:\Keil_v5\ARM\PACK\Keil\STM32L1xx_DFP\1.4.1\Drivers\CMSIS\Device\ST\STM32L1xx\Include

<h2>Collection of Component Files used:</h2>
Build Time Elapsed:  00:00:01
</pre>
</body>
</html>
